Microchip MPLAB XC8 Compiler V1.35 ()

Linker command line:

-W-3 --edf=/opt/microchip/xc8/v1.35/dat/en_msgs.txt -cs \
  -h+dist/default/debug/proyecto_2.debug.sym \
  --cmf=dist/default/debug/proyecto_2.debug.cmf -z -Q18F46K20 \
  -o/tmp/xcXeiToG9 -Mdist/default/debug/proyecto_2.debug.map -E1 -ver=XC8 \
  -ASTACK=0FAh-0eeeh -pstack=STACK -ACODE=00h-0FCFFh -ACONST=00h-0FCFFh \
  -ASMALLCONST=01000h-010FFhx237 -AMEDIUMCONST=01000h-0FCFFh \
  -ACOMRAM=01h-05Fh -AABS1=00h-0EEEh,0F00h-0F5Fh \
  -ABIGRAM=01h-0EEEh,0F00h-0F5Fh \
  -ARAM=060h-0FFh,0100h-01FFhx13,0E00h-0EEEh,0F00h-0F5Fh -ABANK0=060h-0FFh \
  -ABANK1=0100h-01FFh -ABANK2=0200h-02FFh -ABANK3=0300h-03FFh \
  -ABANK4=0400h-04FFh -ABANK5=0500h-05FFh -ABANK6=0600h-06FFh \
  -ABANK7=0700h-07FFh -ABANK8=0800h-08FFh -ABANK9=0900h-09FFh \
  -ABANK10=0A00h-0AFFh -ABANK11=0B00h-0BFFh -ABANK12=0C00h-0CFFh \
  -ABANK13=0D00h-0DFFh -ABANK14=0E00h-0EEEh -ABANK15=0F00h-0F5Fh \
  -ASFR=0F60h-0F9Bh,0F9Dh-0FD3h,0FD5h-0FDAh,0FE0h-0FE2h,0FE8h-0FEAh,0FF0h-0FFBh \
  -preset_vec=00h,intcode,intcodelo,powerup,init,end_init -pramtop=01000h \
  -psmallconst=SMALLCONST -pmediumconst=MEDIUMCONST -pconst=CONST \
  -AFARRAM=00h-00h -ACONFIG=0300000h-030000Dh -pconfig=CONFIG \
  -AIDLOC=0200000h-0200007h -pidloc=IDLOC -AEEDATA=0F00000h-0F003FFh \
  -peeprom_data=EEDATA \
  -prdata=COMRAM,nvrram=COMRAM,nvbit=COMRAM,rbss=COMRAM,rbit=COMRAM \
  -pfarbss=FARRAM,fardata=FARRAM,nvFARRAM=FARRAM \
  -pintsave_regs=BIGRAM,bigbss=BIGRAM,bigdata=BIGRAM -pbss=RAM \
  -pidata=CODE,irdata=CODE,ibigdata=CODE,ifardata=CODE -prparam=COMRAM \
  /tmp/xcXRrPMN3.obj dist/default/debug/proyecto_2.debug.obj 

Object code version is 3.11

Machine type is 18F46K20

Call graph: (short form)




                Name                               Link     Load   Length Selector   Space Scale
/tmp/xcXRrPMN3.obj
                end_init                              2        2        4        0       0
                reset_vec                             0        0        2        0       0
                idloc                            200000   200000        8   200000       0
                config                           300000   300000        E   300000       0
dist/default/debug/proyecto_2.debug.obj
                text26                             F5C8     F5C8       22     7AE4       0
                text25                             F51E     F51E        E     7A8F       0
                text24                             F506     F506        C     7A83       0
                text23                             F4FE     F4FE        4     7A7F       0
                text22                             F60E     F60E       28     7B07       0
                text21                             F636     F636       32     7B1B       0
                text20                             F566     F566       16     7AB3       0
                text19                             F816     F816       5A     7C0B       0
                text18                             F966     F966       AE     7CB3       0
                text17                             F52C     F52C        E     7A96       0
                text16                             F53A     F53A        E     7A9D       0
                text15                             F5EA     F5EA       24     7AF5       0
                text14                             F57C     F57C       18     7ABE       0
                text13                             F548     F548        E     7AA4       0
                text12                             F5AC     F5AC       1C     7AD6       0
                text11                             F556     F556       10     7AAB       0
                text10                             F668     F668       32     7B34       0
                text9                              F594     F594       18     7ACA       0
                text8                              F870     F870       5C     7C38       0
                text7                              F740     F740       3E     7BA0       0
                text6                              F704     F704       3C     7B82       0
                text5                              F6CE     F6CE       36     7B67       0
                text4                              F77E     F77E       42     7BBF       0
                text3                              F502     F502        4     7A81       0
                text2                              F512     F512        C     7A89       0
                text1                              FAE4     FAE4      21C     7D72       0
                text0                              FA14     FA14       D0     7D0A       0
                cstackCOMRAM                         4B       4B       11        1       1
                dataBANK0                            60       60       9A       60       1
                dataCOMRAM                            1        1       34        1       1
                bssCOMRAM                            35       35       16        1       1
                cinit                              F7C0     F7C0       56     7BE0       0
                idataBANK0                         F8CC     F8CC       9A     F8CC       0
                idataCOMRAM                        F69A     F69A       34     F69A       0

TOTAL           Name                               Link     Load   Length     Space
        CLASS   STACK          

        CLASS   CODE           
                end_init                              2        2        4         0
                reset_vec                             0        0        2         0
                text26                             F5C8     F5C8       22         0
                text25                             F51E     F51E        E         0
                text24                             F506     F506        C         0
                text23                             F4FE     F4FE        4         0
                text22                             F60E     F60E       28         0
                text21                             F636     F636       32         0
                text20                             F566     F566       16         0
                text19                             F816     F816       5A         0
                text18                             F966     F966       AE         0
                text17                             F52C     F52C        E         0
                text16                             F53A     F53A        E         0
                text15                             F5EA     F5EA       24         0
                text14                             F57C     F57C       18         0
                text13                             F548     F548        E         0
                text12                             F5AC     F5AC       1C         0
                text11                             F556     F556       10         0
                text10                             F668     F668       32         0
                text9                              F594     F594       18         0
                text8                              F870     F870       5C         0
                text7                              F740     F740       3E         0
                text6                              F704     F704       3C         0
                text5                              F6CE     F6CE       36         0
                text4                              F77E     F77E       42         0
                text3                              F502     F502        4         0
                text2                              F512     F512        C         0
                text1                              FAE4     FAE4      21C         0
                text0                              FA14     FA14       D0         0
                cinit                              F7C0     F7C0       56         0
                idataBANK0                         F8CC     F8CC       9A         0
                idataCOMRAM                        F69A     F69A       34         0

        CLASS   CONST          

        CLASS   SMALLCONST     

        CLASS   MEDIUMCONST    

        CLASS   COMRAM         
                cstackCOMRAM                         4B       4B       11         1
                dataCOMRAM                            1        1       34         1
                bssCOMRAM                            35       35       16         1

        CLASS   ABS1           

        CLASS   BIGRAM         

        CLASS   RAM            

        CLASS   BANK0          
                dataBANK0                            60       60       9A         1

        CLASS   BANK1          

        CLASS   BANK2          

        CLASS   BANK3          

        CLASS   BANK4          

        CLASS   BANK5          

        CLASS   BANK6          

        CLASS   BANK7          

        CLASS   BANK8          

        CLASS   BANK9          

        CLASS   BANK10         

        CLASS   BANK11         

        CLASS   BANK12         

        CLASS   BANK13         

        CLASS   BANK14         

        CLASS   BANK15         

        CLASS   SFR            

        CLASS   FARRAM         

        CLASS   CONFIG         
                config                           300000   300000        E         0

        CLASS   IDLOC          
                idloc                            200000   200000        8         0

        CLASS   EEDATA         



SEGMENTS        Name                           Load    Length   Top    Selector   Space  Class

                reset_vec                      000000  000006  000006         0       0  CODE    
                dataCOMRAM                     000001  00005B  00005C         1       1  COMRAM  
                dataBANK0                      000060  00009A  0000FA        60       1  BANK0   
                text23                         00F4FE  000004  00F502      7A7F       0  CODE    
                text3                          00F502  000004  00F506      7A81       0  CODE    
                text24                         00F506  00000C  00F512      7A83       0  CODE    
                text2                          00F512  00000C  00F51E      7A89       0  CODE    
                text25                         00F51E  00000E  00F52C      7A8F       0  CODE    
                text17                         00F52C  00000E  00F53A      7A96       0  CODE    
                text16                         00F53A  00000E  00F548      7A9D       0  CODE    
                text13                         00F548  00000E  00F556      7AA4       0  CODE    
                text11                         00F556  000010  00F566      7AAB       0  CODE    
                text20                         00F566  000016  00F57C      7AB3       0  CODE    
                text14                         00F57C  000018  00F594      7ABE       0  CODE    
                text9                          00F594  000018  00F5AC      7ACA       0  CODE    
                text12                         00F5AC  00001C  00F5C8      7AD6       0  CODE    
                text26                         00F5C8  000022  00F5EA      7AE4       0  CODE    
                text15                         00F5EA  000024  00F60E      7AF5       0  CODE    
                text22                         00F60E  000028  00F636      7B07       0  CODE    
                text21                         00F636  000032  00F668      7B1B       0  CODE    
                text10                         00F668  000032  00F69A      7B34       0  CODE    
                idataCOMRAM                    00F69A  000034  00F6CE      F69A       0  CODE    
                text5                          00F6CE  000036  00F704      7B67       0  CODE    
                text6                          00F704  00003C  00F740      7B82       0  CODE    
                text7                          00F740  00003E  00F77E      7BA0       0  CODE    
                text4                          00F77E  000042  00F7C0      7BBF       0  CODE    
                cinit                          00F7C0  000056  00F816      7BE0       0  CODE    
                text19                         00F816  00005A  00F870      7C0B       0  CODE    
                text8                          00F870  00005C  00F8CC      7C38       0  CODE    
                idataBANK0                     00F8CC  00009A  00F966      F8CC       0  CODE    
                text18                         00F966  0000AE  00FA14      7CB3       0  CODE    
                text0                          00FA14  0000D0  00FAE4      7D0A       0  CODE    
                text1                          00FAE4  00021C  00FD00      7D72       0  CODE    
                idloc                          200000  000008  200008    200000       0  IDLOC   
                config                         300000  00000E  30000E    300000       0  CONFIG  


UNUSED ADDRESS RANGES

        Name                Unused          Largest block    Delta
        BANK0            0000FA-0000FF                6
        BANK1            000100-0001FF              100
        BANK10           000A00-000AFF              100
        BANK11           000B00-000BFF              100
        BANK12           000C00-000CFF              100
        BANK13           000D00-000DFF              100
        BANK14           000E00-000EEE               EF
        BANK15           000F00-000F5F               60
        BANK2            000200-0002FF              100
        BANK3            000300-0003FF              100
        BANK4            000400-0004FF              100
        BANK5            000500-0005FF              100
        BANK6            000600-0006FF              100
        BANK7            000700-0007FF              100
        BANK8            000800-0008FF              100
        BANK9            000900-0009FF              100
        BIGRAM           00005C-00005F                4
                         0000FA-000EEE              DF5
                         000F00-000F5F               60
        CODE             000006-00F4FD             F4F8
        COMRAM           00005C-00005F                4
        CONST            000006-00F4FD             F4F8
        EEDATA           F00000-F003FF              400
        MEDIUMCONST      001000-00F4FD             E4FE
        RAM              0000FA-000EEE              100
                         000F00-000F5F               60
        SFR              000F60-000F9B               3C
                         000F9D-000FD3               37
                         000FD5-000FDA                6
                         000FE0-000FE2                3
                         000FE8-000FEA                3
                         000FF0-000FFB                C
        SMALLCONST       001000-00F4FD              100
        STACK            0000FA-000EEE              DF5

                                  Symbol Table

?_dato_16                  cstackCOMRAM 00004B
?_flag_timer_0             cstackCOMRAM 00004D
?_read_d                   cstackCOMRAM 00004B
?_rotar_derecha            cstackCOMRAM 00004C
?_rotar_izquierda          cstackCOMRAM 00004C
_ADCON0bits                (abs)        000FC2
_ADCON1                    (abs)        000FC1
_ADCON2bits                (abs)        000FC0
_ADRESH                    (abs)        000FC4
_ADRESL                    (abs)        000FC3
_ANSEL                     (abs)        000F7E
_ANSELbits                 (abs)        000F7E
_BAUDCONbits               (abs)        000FB8
_INTCONbits                (abs)        000FF2
_LATB                      (abs)        000F8A
_LATD                      (abs)        000F8C
_PIR1bits                  (abs)        000F9E
_PORTAbits                 (abs)        000F80
_PORTB                     (abs)        000F81
_PORTD                     (abs)        000F83
_RCREG                     (abs)        000FAE
_RCSTAbits                 (abs)        000FAB
_SPBRG                     (abs)        000FAF
_SPBRGH                    (abs)        000FB0
_T0CONbits                 (abs)        000FD5
_TMR0H                     (abs)        000FD7
_TMR0L                     (abs)        000FD6
_TRISA                     (abs)        000F92
_TRISAbits                 (abs)        000F92
_TRISB                     (abs)        000F93
_TRISCbits                 (abs)        000F94
_TRISD                     (abs)        000F95
_TXREG                     (abs)        000FAD
_TXSTAbits                 (abs)        000FAC
__CFG_BOREN$OFF            (abs)        000000
__CFG_BORV$18              (abs)        000000
__CFG_CCP2MX$PORTC         (abs)        000000
__CFG_CP0$OFF              (abs)        000000
__CFG_CP1$OFF              (abs)        000000
__CFG_CP2$OFF              (abs)        000000
__CFG_CP3$OFF              (abs)        000000
__CFG_CPB$OFF              (abs)        000000
__CFG_CPD$OFF              (abs)        000000
__CFG_EBTR0$OFF            (abs)        000000
__CFG_EBTR1$OFF            (abs)        000000
__CFG_EBTR2$OFF            (abs)        000000
__CFG_EBTR3$OFF            (abs)        000000
__CFG_EBTRB$OFF            (abs)        000000
__CFG_FCMEN$OFF            (abs)        000000
__CFG_FOSC$HSPLL           (abs)        000000
__CFG_HFOFST$OFF           (abs)        000000
__CFG_IESO$OFF             (abs)        000000
__CFG_LPT1OSC$OFF          (abs)        000000
__CFG_LVP$OFF              (abs)        000000
__CFG_MCLRE$ON             (abs)        000000
__CFG_PBADEN$OFF           (abs)        000000
__CFG_PWRT$ON              (abs)        000000
__CFG_STVREN$OFF           (abs)        000000
__CFG_WDTEN$OFF            (abs)        000000
__CFG_WDTPS$32768          (abs)        000000
__CFG_WRT0$OFF             (abs)        000000
__CFG_WRT1$OFF             (abs)        000000
__CFG_WRT2$OFF             (abs)        000000
__CFG_WRT3$OFF             (abs)        000000
__CFG_WRTB$OFF             (abs)        000000
__CFG_WRTC$OFF             (abs)        000000
__CFG_WRTD$OFF             (abs)        000000
__CFG_XINST$OFF            (abs)        000000
__HRAM                     (abs)        000000
__Habs1                    abs1         000000
__Hbank0                   bank0        000000
__Hbank1                   bank1        000000
__Hbank10                  bank10       000000
__Hbank11                  bank11       000000
__Hbank12                  bank12       000000
__Hbank13                  bank13       000000
__Hbank14                  bank14       000000
__Hbank15                  bank15       000000
__Hbank2                   bank2        000000
__Hbank3                   bank3        000000
__Hbank4                   bank4        000000
__Hbank5                   bank5        000000
__Hbank6                   bank6        000000
__Hbank7                   bank7        000000
__Hbank8                   bank8        000000
__Hbank9                   bank9        000000
__Hbigbss                  bigbss       000000
__Hbigdata                 bigdata      000000
__Hbigram                  bigram       000000
__Hbss                     bss          000000
__HbssCOMRAM               bssCOMRAM    000000
__Hcinit                   cinit        000000
__Hclrtext                 clrtext      000000
__Hcomram                  comram       000000
__Hconfig                  config       30000E
__Hconst                   const        000000
__HcstackCOMRAM            cstackCOMRAM 000000
__Hdata                    data         000000
__HdataBANK0               dataBANK0    000000
__HdataCOMRAM              dataCOMRAM   000000
__Heeprom_data             eeprom_data  000000
__Hend_init                end_init     000006
__Hfarbss                  farbss       000000
__Hfardata                 fardata      000000
__Hibigdata                ibigdata     000000
__Hidata                   idata        000000
__HidataBANK0              idataBANK0   000000
__HidataCOMRAM             idataCOMRAM  000000
__Hidloc                   idloc        200008
__Hifardata                ifardata     000000
__Hinit                    init         000002
__Hintcode                 intcode      000002
__Hintcode_body            intcode_body 000000
__Hintcodelo               intcodelo    000002
__Hintentry                intentry     000000
__Hintret                  intret       000000
__Hintsave_regs            intsave_regs 000000
__Hirdata                  irdata       000000
__Hmediumconst             mediumconst  000000
__HnvFARRAM                nvFARRAM     000000
__Hnvbit                   nvbit        000000
__Hnvrram                  nvrram       000000
__Hparam                   rparam       000000
__Hpowerup                 powerup      000002
__Hram                     ram          000000
__Hramtop                  ramtop       001000
__Hrbit                    rbit         000000
__Hrbss                    rbss         000000
__Hrdata                   rdata        000000
__Hreset_vec               reset_vec    000002
__Hrparam                  rparam       000000
__Hsfr                     sfr          000000
__Hsmallconst              smallconst   000000
__Hspace_0                 (abs)        30000E
__Hspace_1                 (abs)        0000FA
__Hspace_2                 (abs)        000000
__Hstack                   stack        000000
__Hstruct                  struct       000000
__Htemp                    temp         000000
__Htext                    text         000000
__Htext0                   text0        000000
__Htext1                   text1        000000
__Htext10                  text10       000000
__Htext11                  text11       000000
__Htext12                  text12       000000
__Htext13                  text13       000000
__Htext14                  text14       000000
__Htext15                  text15       000000
__Htext16                  text16       000000
__Htext17                  text17       000000
__Htext18                  text18       000000
__Htext19                  text19       000000
__Htext2                   text2        000000
__Htext20                  text20       000000
__Htext21                  text21       000000
__Htext22                  text22       000000
__Htext23                  text23       000000
__Htext24                  text24       000000
__Htext25                  text25       000000
__Htext26                  text26       000000
__Htext3                   text3        000000
__Htext4                   text4        000000
__Htext5                   text5        000000
__Htext6                   text6        000000
__Htext7                   text7        000000
__Htext8                   text8        000000
__Htext9                   text9        000000
__LRAM                     (abs)        000001
__Labs1                    abs1         000000
__Lbank0                   bank0        000000
__Lbank1                   bank1        000000
__Lbank10                  bank10       000000
__Lbank11                  bank11       000000
__Lbank12                  bank12       000000
__Lbank13                  bank13       000000
__Lbank14                  bank14       000000
__Lbank15                  bank15       000000
__Lbank2                   bank2        000000
__Lbank3                   bank3        000000
__Lbank4                   bank4        000000
__Lbank5                   bank5        000000
__Lbank6                   bank6        000000
__Lbank7                   bank7        000000
__Lbank8                   bank8        000000
__Lbank9                   bank9        000000
__Lbigbss                  bigbss       000000
__Lbigdata                 bigdata      000000
__Lbigram                  bigram       000000
__Lbss                     bss          000000
__LbssCOMRAM               bssCOMRAM    000000
__Lcinit                   cinit        000000
__Lclrtext                 clrtext      000000
__Lcomram                  comram       000000
__Lconfig                  config       300000
__Lconst                   const        000000
__LcstackCOMRAM            cstackCOMRAM 000000
__Ldata                    data         000000
__LdataBANK0               dataBANK0    000000
__LdataCOMRAM              dataCOMRAM   000000
__Leeprom_data             eeprom_data  000000
__Lend_init                end_init     000002
__Lfarbss                  farbss       000000
__Lfardata                 fardata      000000
__Libigdata                ibigdata     000000
__Lidata                   idata        000000
__LidataBANK0              idataBANK0   000000
__LidataCOMRAM             idataCOMRAM  000000
__Lidloc                   idloc        200000
__Lifardata                ifardata     000000
__Linit                    init         000002
__Lintcode                 intcode      000002
__Lintcode_body            intcode_body 000000
__Lintcodelo               intcodelo    000002
__Lintentry                intentry     000000
__Lintret                  intret       000000
__Lintsave_regs            intsave_regs 000000
__Lirdata                  irdata       000000
__Lmediumconst             mediumconst  000000
__LnvFARRAM                nvFARRAM     000000
__Lnvbit                   nvbit        000000
__Lnvrram                  nvrram       000000
__Lparam                   rparam       000000
__Lpowerup                 powerup      000002
__Lram                     ram          000000
__Lramtop                  ramtop       001000
__Lrbit                    rbit         000000
__Lrbss                    rbss         000000
__Lrdata                   rdata        000000
__Lreset_vec               reset_vec    000000
__Lrparam                  rparam       000000
__Lsfr                     sfr          000000
__Lsmallconst              smallconst   000000
__Lspace_0                 (abs)        000000
__Lspace_1                 (abs)        000000
__Lspace_2                 (abs)        000000
__Lstack                   stack        000000
__Lstruct                  struct       000000
__Ltemp                    temp         000000
__Ltext                    text         000000
__Ltext0                   text0        000000
__Ltext1                   text1        000000
__Ltext10                  text10       000000
__Ltext11                  text11       000000
__Ltext12                  text12       000000
__Ltext13                  text13       000000
__Ltext14                  text14       000000
__Ltext15                  text15       000000
__Ltext16                  text16       000000
__Ltext17                  text17       000000
__Ltext18                  text18       000000
__Ltext19                  text19       000000
__Ltext2                   text2        000000
__Ltext20                  text20       000000
__Ltext21                  text21       000000
__Ltext22                  text22       000000
__Ltext23                  text23       000000
__Ltext24                  text24       000000
__Ltext25                  text25       000000
__Ltext26                  text26       000000
__Ltext3                   text3        000000
__Ltext4                   text4        000000
__Ltext5                   text5        000000
__Ltext6                   text6        000000
__Ltext7                   text7        000000
__Ltext8                   text8        000000
__Ltext9                   text9        000000
__S0                       (abs)        30000E
__S1                       (abs)        0000FA
__S2                       (abs)        000000
___inthi_sp                stack        000000
___intlo_sp                stack        000000
___param_bank              (abs)        000010
___rparam_used             (abs)        000001
___sp                      stack        000000
__accesstop                (abs)        000060
__activetblptr             (abs)        000002
__end_of__initialization   cinit        00F80C
__end_of_activacion_rx     text17       00F53A
__end_of_activacion_tx     text16       00F548
__end_of_conf_adc          text15       00F60E
__end_of_config_tx_aurt    text14       00F594
__end_of_dato_16           text26       00F5EA
__end_of_final_convercion  text25       00F52C
__end_of_flag_timer_0      text22       00F636
__end_of_main              text0        00FAE4
__end_of_port              text9        00F5AC
__end_of_pulsador_s2       text21       00F668
__end_of_read_d            text20       00F57C
__end_of_rotar_derecha     text7        00F77E
__end_of_rotar_izquierda   text6        00F740
__end_of_set_adc           text13       00F556
__end_of_set_comandos      text19       00F870
__end_of_set_leds          text12       00F5C8
__end_of_set_periodo       text18       00FA14
__end_of_set_ph            text10       00F69A
__end_of_set_secuencia     text4        00F7C0
__end_of_shit_raid         text8        00F8CC
__end_of_star_convercion   text3        00F506
__end_of_timer_0_conf      text11       00F566
__end_of_timer_0_set       text24       00F512
__end_of_timer_0_star      text23       00F502
__end_of_trans_dato        text2        00F51E
__end_of_transmitir        text1        00FD00
__end_of_vasculante        text5        00F704
__initialization           cinit        00F7C0
__mediumconst              mediumconst  000000
__pbssCOMRAM               bssCOMRAM    000035
__pcinit                   cinit        00F7C0
__pcstackCOMRAM            cstackCOMRAM 00004B
__pdataBANK0               dataBANK0    000060
__pdataCOMRAM              dataCOMRAM   000001
__pidataBANK0              idataBANK0   00F8CC
__pidataCOMRAM             idataCOMRAM  00F69A
__ptext0                   text0        00FA14
__ptext1                   text1        00FAE4
__ptext10                  text10       00F668
__ptext11                  text11       00F556
__ptext12                  text12       00F5AC
__ptext13                  text13       00F548
__ptext14                  text14       00F57C
__ptext15                  text15       00F5EA
__ptext16                  text16       00F53A
__ptext17                  text17       00F52C
__ptext18                  text18       00F966
__ptext19                  text19       00F816
__ptext2                   text2        00F512
__ptext20                  text20       00F566
__ptext21                  text21       00F636
__ptext22                  text22       00F60E
__ptext23                  text23       00F4FE
__ptext24                  text24       00F506
__ptext25                  text25       00F51E
__ptext26                  text26       00F5C8
__ptext3                   text3        00F502
__ptext4                   text4        00F77E
__ptext5                   text5        00F6CE
__ptext6                   text6        00F704
__ptext7                   text7        00F740
__ptext8                   text8        00F870
__ptext9                   text9        00F594
__ramtop                   ramtop       001000
__size_of_activacion_rx    (abs)        000000
__size_of_activacion_tx    (abs)        000000
__size_of_conf_adc         (abs)        000000
__size_of_config_tx_aurt   (abs)        000000
__size_of_dato_16          (abs)        000000
__size_of_final_convercion (abs)        000000
__size_of_flag_timer_0     (abs)        000000
__size_of_main             (abs)        000000
__size_of_port             (abs)        000000
__size_of_pulsador_s2      (abs)        000000
__size_of_read_d           (abs)        000000
__size_of_rotar_derecha    (abs)        000000
__size_of_rotar_izquierda  (abs)        000000
__size_of_set_adc          (abs)        000000
__size_of_set_comandos     (abs)        000000
__size_of_set_leds         (abs)        000000
__size_of_set_periodo      (abs)        000000
__size_of_set_ph           (abs)        000000
__size_of_set_secuencia    (abs)        000000
__size_of_shit_raid        (abs)        000000
__size_of_star_convercion  (abs)        000000
__size_of_timer_0_conf     (abs)        000000
__size_of_timer_0_set      (abs)        000000
__size_of_timer_0_star     (abs)        000000
__size_of_trans_dato       (abs)        000000
__size_of_transmitir       (abs)        000000
__size_of_vasculante       (abs)        000000
__smallconst               smallconst   000000
_a                         dataCOMRAM   000031
_activacion_rx             text17       00F52C
_activacion_tx             text16       00F53A
_conf_adc                  text15       00F5EA
_config_tx_aurt            text14       00F57C
_conversion16              bssCOMRAM    000035
_d                         bssCOMRAM    000045
_dato_16                   text26       00F5C8
_est                       bssCOMRAM    000041
_final_convercion          text25       00F51E
_flag_timer_0              text22       00F60E
_i                         bssCOMRAM    000043
_inicio_transmision        bssCOMRAM    000046
_jj                        bssCOMRAM    000047
_main                      text0        00FA14
_msm1                      dataCOMRAM   00001C
_msm2                      dataBANK0    000082
_msm3                      dataBANK0    000060
_msm4                      dataBANK0    0000C1
_msm5                      dataBANK0    0000A2
_msm6                      dataCOMRAM   000001
_msm7                      dataBANK0    0000DE
_periodo                   dataCOMRAM   000032
_port                      text9        00F594
_pulsador_s2               text21       00F636
_read_d                    text20       00F566
_rotar_derecha             text7        00F740
_rotar_izquierda           text6        00F704
_s1                        dataCOMRAM   000033
_s2                        dataCOMRAM   000034
_sec                       bssCOMRAM    000048
_set_adc                   text13       00F548
_set_comandos              text19       00F816
_set_leds                  text12       00F5AC
_set_periodo               text18       00F966
_set_ph                    text10       00F668
_set_secuencia             text4        00F77E
_shit_raid                 text8        00F870
_ss                        bssCOMRAM    000049
_star_convercion           text3        00F502
_timer_0_conf              text11       00F556
_timer_0_set               text24       00F506
_timer_0_star              text23       00F4FE
_trans_dato                text2        00F512
_transmitir                text1        00FAE4
_vasculante                text5        00F6CE
_x                         bssCOMRAM    00004A
activacion_rx@x            cstackCOMRAM 00004B
activacion_tx@x            cstackCOMRAM 00004B
dato_16@y                  cstackCOMRAM 00004D
end_of_initialization      cinit        00F80C
intlevel0                  text         000000
intlevel1                  text         000000
intlevel2                  text         000000
intlevel3                  text         000000
main@flag_5s               cstackCOMRAM 000057
main@flag_read             cstackCOMRAM 00005B
main@time_adc              cstackCOMRAM 000058
main@time_comando          cstackCOMRAM 00005A
main@time_led              cstackCOMRAM 000059
main@time_star             cstackCOMRAM 000056
port@c                     cstackCOMRAM 00004B
pulsador_s2@n              cstackCOMRAM 00004B
rotar_derecha@x            cstackCOMRAM 00004E
rotar_izquierda@x          cstackCOMRAM 00004E
set_adc@x                  cstackCOMRAM 00004B
set_comandos@c             cstackCOMRAM 00004B
set_comandos@d             cstackCOMRAM 00004C
set_periodo@x              cstackCOMRAM 00004F
shit_raid@g                cstackCOMRAM 00004C
stackhi                    (abs)        000EEE
stacklo                    (abs)        0000FA
start                      init         000002
start_initialization       cinit        00F7C0
timer_0_set@high           cstackCOMRAM 00004B
timer_0_set@low            cstackCOMRAM 00004C
trans_dato@x               cstackCOMRAM 00004B
vasculante@x               cstackCOMRAM 00004F


FUNCTION INFORMATION:

 *************** function _main *****************
 Defined at:
		line 221 in file "main.c"
 Parameters:    Size  Location     Type
  argc            2    6[COMRAM] int 
  argv            3    8[COMRAM] PTR PTR unsigned char 
 Auto vars:     Size  Location     Type
  flag_read       1   16[COMRAM] unsigned char 
  time_comando    1   15[COMRAM] unsigned char 
  time_led        1   14[COMRAM] unsigned char 
  time_adc        1   13[COMRAM] unsigned char 
  flag_5s         1   12[COMRAM] unsigned char 
  time_star       1   11[COMRAM] unsigned char 
 Return value:  Size  Location     Type
                  2    6[COMRAM] int 
 Registers used:
		wreg, fsr2l, fsr2h, status,2, status,0, cstack
 Tracked objects:
		On entry : 
		On exit  : 
		Unchanged: 
 Data sizes:     COMRAM   BANK0   BANK1   BANK2   BANK3   BANK4   BANK5   BANK6   BANK7   BANK8   BANK9  BANK10  BANK11  BANK12  BANK13  BANK14  BANK15
      Params:         5       0       0       0       0       0       0       0       0       0       0       0       0       0       0       0       0
      Locals:         6       0       0       0       0       0       0       0       0       0       0       0       0       0       0       0       0
      Temps:          0       0       0       0       0       0       0       0       0       0       0       0       0       0       0       0       0
      Totals:        11       0       0       0       0       0       0       0       0       0       0       0       0       0       0       0       0
Total ram usage:       11 bytes
 Hardware stack levels required when called:    4
 This function calls:
		_dato_16
		_final_convercion
		_flag_timer_0
		_pulsador_s2
		_read_d
		_set_comandos
		_set_periodo
		_set_ph
		_set_secuencia
		_star_convercion
		_transmitir
 This function is called by:
		Startup code after reset
 This function uses a non-reentrant model


 *************** function _transmitir *****************
 Defined at:
		line 299 in file "main.c"
 Parameters:    Size  Location     Type
		None
 Auto vars:     Size  Location     Type
		None
 Return value:  Size  Location     Type
		None               void
 Registers used:
		wreg, fsr2l, fsr2h, status,2, status,0, cstack
 Tracked objects:
		On entry : 
		On exit  : 
		Unchanged: 
 Data sizes:     COMRAM   BANK0   BANK1   BANK2   BANK3   BANK4   BANK5   BANK6   BANK7   BANK8   BANK9  BANK10  BANK11  BANK12  BANK13  BANK14  BANK15
      Params:         0       0       0       0       0       0       0       0       0       0       0       0       0       0       0       0       0
      Locals:         0       0       0       0       0       0       0       0       0       0       0       0       0       0       0       0       0
      Temps:          2       0       0       0       0       0       0       0       0       0       0       0       0       0       0       0       0
      Totals:         2       0       0       0       0       0       0       0       0       0       0       0       0       0       0       0       0
Total ram usage:        2 bytes
 Hardware stack levels used:    1
 Hardware stack levels required when called:    1
 This function calls:
		_trans_dato
 This function is called by:
		_main
 This function uses a non-reentrant model


 *************** function _trans_dato *****************
 Defined at:
		line 35 in file "m_uart.c"
 Parameters:    Size  Location     Type
  x               1    wreg     unsigned char 
 Auto vars:     Size  Location     Type
  x               1    0[COMRAM] unsigned char 
 Return value:  Size  Location     Type
		None               void
 Registers used:
		wreg
 Tracked objects:
		On entry : 
		On exit  : 
		Unchanged: 
 Data sizes:     COMRAM   BANK0   BANK1   BANK2   BANK3   BANK4   BANK5   BANK6   BANK7   BANK8   BANK9  BANK10  BANK11  BANK12  BANK13  BANK14  BANK15
      Params:         0       0       0       0       0       0       0       0       0       0       0       0       0       0       0       0       0
      Locals:         1       0       0       0       0       0       0       0       0       0       0       0       0       0       0       0       0
      Temps:          0       0       0       0       0       0       0       0       0       0       0       0       0       0       0       0       0
      Totals:         1       0       0       0       0       0       0       0       0       0       0       0       0       0       0       0       0
Total ram usage:        1 bytes
 Hardware stack levels used:    1
 This function calls:
		Nothing
 This function is called by:
		_transmitir
		_send_msm
 This function uses a non-reentrant model


 *************** function _star_convercion *****************
 Defined at:
		line 27 in file "adc.c"
 Parameters:    Size  Location     Type
		None
 Auto vars:     Size  Location     Type
		None
 Return value:  Size  Location     Type
		None               void
 Registers used:
		None
 Tracked objects:
		On entry : 
		On exit  : 
		Unchanged: 
 Data sizes:     COMRAM   BANK0   BANK1   BANK2   BANK3   BANK4   BANK5   BANK6   BANK7   BANK8   BANK9  BANK10  BANK11  BANK12  BANK13  BANK14  BANK15
      Params:         0       0       0       0       0       0       0       0       0       0       0       0       0       0       0       0       0
      Locals:         0       0       0       0       0       0       0       0       0       0       0       0       0       0       0       0       0
      Temps:          0       0       0       0       0       0       0       0       0       0       0       0       0       0       0       0       0
      Totals:         0       0       0       0       0       0       0       0       0       0       0       0       0       0       0       0       0
Total ram usage:        0 bytes
 Hardware stack levels used:    1
 This function calls:
		Nothing
 This function is called by:
		_main
 This function uses a non-reentrant model


 *************** function _set_secuencia *****************
 Defined at:
		line 139 in file "main.c"
 Parameters:    Size  Location     Type
		None
 Auto vars:     Size  Location     Type
		None
 Return value:  Size  Location     Type
		None               void
 Registers used:
		wreg, status,2, status,0, cstack
 Tracked objects:
		On entry : 
		On exit  : 
		Unchanged: 
 Data sizes:     COMRAM   BANK0   BANK1   BANK2   BANK3   BANK4   BANK5   BANK6   BANK7   BANK8   BANK9  BANK10  BANK11  BANK12  BANK13  BANK14  BANK15
      Params:         0       0       0       0       0       0       0       0       0       0       0       0       0       0       0       0       0
      Locals:         0       0       0       0       0       0       0       0       0       0       0       0       0       0       0       0       0
      Temps:          0       0       0       0       0       0       0       0       0       0       0       0       0       0       0       0       0
      Totals:         0       0       0       0       0       0       0       0       0       0       0       0       0       0       0       0       0
Total ram usage:        0 bytes
 Hardware stack levels used:    1
 Hardware stack levels required when called:    3
 This function calls:
		_rotar_derecha
		_rotar_izquierda
		_shit_raid
		_vasculante
 This function is called by:
		_main
 This function uses a non-reentrant model


 *************** function _vasculante *****************
 Defined at:
		line 78 in file "main.c"
 Parameters:    Size  Location     Type
  x               1    wreg     unsigned char 
 Auto vars:     Size  Location     Type
  x               1    4[COMRAM] unsigned char 
 Return value:  Size  Location     Type
		None               void
 Registers used:
		wreg, status,2, status,0, cstack
 Tracked objects:
		On entry : 
		On exit  : 
		Unchanged: 
 Data sizes:     COMRAM   BANK0   BANK1   BANK2   BANK3   BANK4   BANK5   BANK6   BANK7   BANK8   BANK9  BANK10  BANK11  BANK12  BANK13  BANK14  BANK15
      Params:         0       0       0       0       0       0       0       0       0       0       0       0       0       0       0       0       0
      Locals:         1       0       0       0       0       0       0       0       0       0       0       0       0       0       0       0       0
      Temps:          0       0       0       0       0       0       0       0       0       0       0       0       0       0       0       0       0
      Totals:         1       0       0       0       0       0       0       0       0       0       0       0       0       0       0       0       0
Total ram usage:        1 bytes
 Hardware stack levels used:    1
 Hardware stack levels required when called:    2
 This function calls:
		_rotar_derecha
		_rotar_izquierda
 This function is called by:
		_set_secuencia
 This function uses a non-reentrant model


 *************** function _rotar_izquierda *****************
 Defined at:
		line 61 in file "main.c"
 Parameters:    Size  Location     Type
  x               1    wreg     unsigned char 
 Auto vars:     Size  Location     Type
  x               1    3[COMRAM] unsigned char 
 Return value:  Size  Location     Type
                  2    1[COMRAM] int 
 Registers used:
		wreg, status,2, status,0, cstack
 Tracked objects:
		On entry : 
		On exit  : 
		Unchanged: 
 Data sizes:     COMRAM   BANK0   BANK1   BANK2   BANK3   BANK4   BANK5   BANK6   BANK7   BANK8   BANK9  BANK10  BANK11  BANK12  BANK13  BANK14  BANK15
      Params:         2       0       0       0       0       0       0       0       0       0       0       0       0       0       0       0       0
      Locals:         1       0       0       0       0       0       0       0       0       0       0       0       0       0       0       0       0
      Temps:          0       0       0       0       0       0       0       0       0       0       0       0       0       0       0       0       0
      Totals:         3       0       0       0       0       0       0       0       0       0       0       0       0       0       0       0       0
Total ram usage:        3 bytes
 Hardware stack levels used:    1
 Hardware stack levels required when called:    1
 This function calls:
		_port
 This function is called by:
		_vasculante
		_set_secuencia
 This function uses a non-reentrant model


 *************** function _rotar_derecha *****************
 Defined at:
		line 45 in file "main.c"
 Parameters:    Size  Location     Type
  x               1    wreg     unsigned char 
 Auto vars:     Size  Location     Type
  x               1    3[COMRAM] unsigned char 
 Return value:  Size  Location     Type
                  2    1[COMRAM] int 
 Registers used:
		wreg, status,2, status,0, cstack
 Tracked objects:
		On entry : 
		On exit  : 
		Unchanged: 
 Data sizes:     COMRAM   BANK0   BANK1   BANK2   BANK3   BANK4   BANK5   BANK6   BANK7   BANK8   BANK9  BANK10  BANK11  BANK12  BANK13  BANK14  BANK15
      Params:         2       0       0       0       0       0       0       0       0       0       0       0       0       0       0       0       0
      Locals:         1       0       0       0       0       0       0       0       0       0       0       0       0       0       0       0       0
      Temps:          0       0       0       0       0       0       0       0       0       0       0       0       0       0       0       0       0
      Totals:         3       0       0       0       0       0       0       0       0       0       0       0       0       0       0       0       0
Total ram usage:        3 bytes
 Hardware stack levels used:    1
 Hardware stack levels required when called:    1
 This function calls:
		_port
 This function is called by:
		_vasculante
		_set_secuencia
 This function uses a non-reentrant model


 *************** function _shit_raid *****************
 Defined at:
		line 91 in file "main.c"
 Parameters:    Size  Location     Type
		None
 Auto vars:     Size  Location     Type
  g               1    1[COMRAM] unsigned char 
 Return value:  Size  Location     Type
		None               void
 Registers used:
		wreg, status,2, status,0, cstack
 Tracked objects:
		On entry : 
		On exit  : 
		Unchanged: 
 Data sizes:     COMRAM   BANK0   BANK1   BANK2   BANK3   BANK4   BANK5   BANK6   BANK7   BANK8   BANK9  BANK10  BANK11  BANK12  BANK13  BANK14  BANK15
      Params:         0       0       0       0       0       0       0       0       0       0       0       0       0       0       0       0       0
      Locals:         1       0       0       0       0       0       0       0       0       0       0       0       0       0       0       0       0
      Temps:          0       0       0       0       0       0       0       0       0       0       0       0       0       0       0       0       0
      Totals:         1       0       0       0       0       0       0       0       0       0       0       0       0       0       0       0       0
Total ram usage:        1 bytes
 Hardware stack levels used:    1
 Hardware stack levels required when called:    1
 This function calls:
		_port
 This function is called by:
		_set_secuencia
 This function uses a non-reentrant model


 *************** function _port *****************
 Defined at:
		line 14 in file "hw.c"
 Parameters:    Size  Location     Type
  c               1    wreg     unsigned char 
 Auto vars:     Size  Location     Type
  c               1    0[COMRAM] unsigned char 
 Return value:  Size  Location     Type
		None               void
 Registers used:
		wreg, status,2, status,0
 Tracked objects:
		On entry : 
		On exit  : 
		Unchanged: 
 Data sizes:     COMRAM   BANK0   BANK1   BANK2   BANK3   BANK4   BANK5   BANK6   BANK7   BANK8   BANK9  BANK10  BANK11  BANK12  BANK13  BANK14  BANK15
      Params:         0       0       0       0       0       0       0       0       0       0       0       0       0       0       0       0       0
      Locals:         1       0       0       0       0       0       0       0       0       0       0       0       0       0       0       0       0
      Temps:          0       0       0       0       0       0       0       0       0       0       0       0       0       0       0       0       0
      Totals:         1       0       0       0       0       0       0       0       0       0       0       0       0       0       0       0       0
Total ram usage:        1 bytes
 Hardware stack levels used:    1
 This function calls:
		Nothing
 This function is called by:
		_rotar_derecha
		_rotar_izquierda
		_shit_raid
 This function uses a non-reentrant model


 *************** function _set_ph *****************
 Defined at:
		line 207 in file "main.c"
 Parameters:    Size  Location     Type
		None
 Auto vars:     Size  Location     Type
		None
 Return value:  Size  Location     Type
		None               void
 Registers used:
		wreg, status,2, cstack
 Tracked objects:
		On entry : 
		On exit  : 
		Unchanged: 
 Data sizes:     COMRAM   BANK0   BANK1   BANK2   BANK3   BANK4   BANK5   BANK6   BANK7   BANK8   BANK9  BANK10  BANK11  BANK12  BANK13  BANK14  BANK15
      Params:         0       0       0       0       0       0       0       0       0       0       0       0       0       0       0       0       0
      Locals:         0       0       0       0       0       0       0       0       0       0       0       0       0       0       0       0       0
      Temps:          0       0       0       0       0       0       0       0       0       0       0       0       0       0       0       0       0
      Totals:         0       0       0       0       0       0       0       0       0       0       0       0       0       0       0       0       0
Total ram usage:        0 bytes
 Hardware stack levels used:    1
 Hardware stack levels required when called:    1
 This function calls:
		_activacion_rx
		_activacion_tx
		_conf_adc
		_config_tx_aurt
		_set_adc
		_set_leds
		_timer_0_conf
		_timer_0_set
		_timer_0_star
 This function is called by:
		_main
 This function uses a non-reentrant model


 *************** function _timer_0_conf *****************
 Defined at:
		line 5 in file "timer.c"
 Parameters:    Size  Location     Type
		None
 Auto vars:     Size  Location     Type
		None
 Return value:  Size  Location     Type
		None               void
 Registers used:
		wreg, status,2
 Tracked objects:
		On entry : 
		On exit  : 
		Unchanged: 
 Data sizes:     COMRAM   BANK0   BANK1   BANK2   BANK3   BANK4   BANK5   BANK6   BANK7   BANK8   BANK9  BANK10  BANK11  BANK12  BANK13  BANK14  BANK15
      Params:         0       0       0       0       0       0       0       0       0       0       0       0       0       0       0       0       0
      Locals:         0       0       0       0       0       0       0       0       0       0       0       0       0       0       0       0       0
      Temps:          0       0       0       0       0       0       0       0       0       0       0       0       0       0       0       0       0
      Totals:         0       0       0       0       0       0       0       0       0       0       0       0       0       0       0       0       0
Total ram usage:        0 bytes
 Hardware stack levels used:    1
 This function calls:
		Nothing
 This function is called by:
		_set_ph
 This function uses a non-reentrant model


 *************** function _set_leds *****************
 Defined at:
		line 4 in file "hw.c"
 Parameters:    Size  Location     Type
		None
 Auto vars:     Size  Location     Type
		None
 Return value:  Size  Location     Type
		None               void
 Registers used:
		wreg, status,2
 Tracked objects:
		On entry : 
		On exit  : 
		Unchanged: 
 Data sizes:     COMRAM   BANK0   BANK1   BANK2   BANK3   BANK4   BANK5   BANK6   BANK7   BANK8   BANK9  BANK10  BANK11  BANK12  BANK13  BANK14  BANK15
      Params:         0       0       0       0       0       0       0       0       0       0       0       0       0       0       0       0       0
      Locals:         0       0       0       0       0       0       0       0       0       0       0       0       0       0       0       0       0
      Temps:          0       0       0       0       0       0       0       0       0       0       0       0       0       0       0       0       0
      Totals:         0       0       0       0       0       0       0       0       0       0       0       0       0       0       0       0       0
Total ram usage:        0 bytes
 Hardware stack levels used:    1
 This function calls:
		Nothing
 This function is called by:
		_set_ph
 This function uses a non-reentrant model


 *************** function _set_adc *****************
 Defined at:
		line 23 in file "adc.c"
 Parameters:    Size  Location     Type
  x               1    wreg     unsigned char 
 Auto vars:     Size  Location     Type
  x               1    0[COMRAM] unsigned char 
 Return value:  Size  Location     Type
		None               void
 Registers used:
		wreg
 Tracked objects:
		On entry : 
		On exit  : 
		Unchanged: 
 Data sizes:     COMRAM   BANK0   BANK1   BANK2   BANK3   BANK4   BANK5   BANK6   BANK7   BANK8   BANK9  BANK10  BANK11  BANK12  BANK13  BANK14  BANK15
      Params:         0       0       0       0       0       0       0       0       0       0       0       0       0       0       0       0       0
      Locals:         1       0       0       0       0       0       0       0       0       0       0       0       0       0       0       0       0
      Temps:          0       0       0       0       0       0       0       0       0       0       0       0       0       0       0       0       0
      Totals:         1       0       0       0       0       0       0       0       0       0       0       0       0       0       0       0       0
Total ram usage:        1 bytes
 Hardware stack levels used:    1
 This function calls:
		Nothing
 This function is called by:
		_set_ph
 This function uses a non-reentrant model


 *************** function _config_tx_aurt *****************
 Defined at:
		line 3 in file "m_uart.c"
 Parameters:    Size  Location     Type
		None
 Auto vars:     Size  Location     Type
		None
 Return value:  Size  Location     Type
		None               void
 Registers used:
		wreg, status,2
 Tracked objects:
		On entry : 
		On exit  : 
		Unchanged: 
 Data sizes:     COMRAM   BANK0   BANK1   BANK2   BANK3   BANK4   BANK5   BANK6   BANK7   BANK8   BANK9  BANK10  BANK11  BANK12  BANK13  BANK14  BANK15
      Params:         0       0       0       0       0       0       0       0       0       0       0       0       0       0       0       0       0
      Locals:         0       0       0       0       0       0       0       0       0       0       0       0       0       0       0       0       0
      Temps:          0       0       0       0       0       0       0       0       0       0       0       0       0       0       0       0       0
      Totals:         0       0       0       0       0       0       0       0       0       0       0       0       0       0       0       0       0
Total ram usage:        0 bytes
 Hardware stack levels used:    1
 This function calls:
		Nothing
 This function is called by:
		_set_ph
 This function uses a non-reentrant model


 *************** function _conf_adc *****************
 Defined at:
		line 12 in file "adc.c"
 Parameters:    Size  Location     Type
		None
 Auto vars:     Size  Location     Type
		None
 Return value:  Size  Location     Type
		None               void
 Registers used:
		wreg, status,2
 Tracked objects:
		On entry : 
		On exit  : 
		Unchanged: 
 Data sizes:     COMRAM   BANK0   BANK1   BANK2   BANK3   BANK4   BANK5   BANK6   BANK7   BANK8   BANK9  BANK10  BANK11  BANK12  BANK13  BANK14  BANK15
      Params:         0       0       0       0       0       0       0       0       0       0       0       0       0       0       0       0       0
      Locals:         0       0       0       0       0       0       0       0       0       0       0       0       0       0       0       0       0
      Temps:          0       0       0       0       0       0       0       0       0       0       0       0       0       0       0       0       0
      Totals:         0       0       0       0       0       0       0       0       0       0       0       0       0       0       0       0       0
Total ram usage:        0 bytes
 Hardware stack levels used:    1
 This function calls:
		Nothing
 This function is called by:
		_set_ph
 This function uses a non-reentrant model


 *************** function _activacion_tx *****************
 Defined at:
		line 20 in file "m_uart.c"
 Parameters:    Size  Location     Type
  x               1    wreg     unsigned char 
 Auto vars:     Size  Location     Type
  x               1    0[COMRAM] unsigned char 
 Return value:  Size  Location     Type
		None               void
 Registers used:
		wreg
 Tracked objects:
		On entry : 
		On exit  : 
		Unchanged: 
 Data sizes:     COMRAM   BANK0   BANK1   BANK2   BANK3   BANK4   BANK5   BANK6   BANK7   BANK8   BANK9  BANK10  BANK11  BANK12  BANK13  BANK14  BANK15
      Params:         0       0       0       0       0       0       0       0       0       0       0       0       0       0       0       0       0
      Locals:         1       0       0       0       0       0       0       0       0       0       0       0       0       0       0       0       0
      Temps:          0       0       0       0       0       0       0       0       0       0       0       0       0       0       0       0       0
      Totals:         1       0       0       0       0       0       0       0       0       0       0       0       0       0       0       0       0
Total ram usage:        1 bytes
 Hardware stack levels used:    1
 This function calls:
		Nothing
 This function is called by:
		_set_ph
 This function uses a non-reentrant model


 *************** function _activacion_rx *****************
 Defined at:
		line 24 in file "m_uart.c"
 Parameters:    Size  Location     Type
  x               1    wreg     unsigned char 
 Auto vars:     Size  Location     Type
  x               1    0[COMRAM] unsigned char 
 Return value:  Size  Location     Type
		None               void
 Registers used:
		wreg
 Tracked objects:
		On entry : 
		On exit  : 
		Unchanged: 
 Data sizes:     COMRAM   BANK0   BANK1   BANK2   BANK3   BANK4   BANK5   BANK6   BANK7   BANK8   BANK9  BANK10  BANK11  BANK12  BANK13  BANK14  BANK15
      Params:         0       0       0       0       0       0       0       0       0       0       0       0       0       0       0       0       0
      Locals:         1       0       0       0       0       0       0       0       0       0       0       0       0       0       0       0       0
      Temps:          0       0       0       0       0       0       0       0       0       0       0       0       0       0       0       0       0
      Totals:         1       0       0       0       0       0       0       0       0       0       0       0       0       0       0       0       0
Total ram usage:        1 bytes
 Hardware stack levels used:    1
 This function calls:
		Nothing
 This function is called by:
		_set_ph
 This function uses a non-reentrant model


 *************** function _set_periodo *****************
 Defined at:
		line 160 in file "main.c"
 Parameters:    Size  Location     Type
  x               2    4[COMRAM] int 
 Auto vars:     Size  Location     Type
		None
 Return value:  Size  Location     Type
		None               void
 Registers used:
		wreg, status,2, status,0
 Tracked objects:
		On entry : 
		On exit  : 
		Unchanged: 
 Data sizes:     COMRAM   BANK0   BANK1   BANK2   BANK3   BANK4   BANK5   BANK6   BANK7   BANK8   BANK9  BANK10  BANK11  BANK12  BANK13  BANK14  BANK15
      Params:         2       0       0       0       0       0       0       0       0       0       0       0       0       0       0       0       0
      Locals:         0       0       0       0       0       0       0       0       0       0       0       0       0       0       0       0       0
      Temps:          0       0       0       0       0       0       0       0       0       0       0       0       0       0       0       0       0
      Totals:         2       0       0       0       0       0       0       0       0       0       0       0       0       0       0       0       0
Total ram usage:        2 bytes
 Hardware stack levels used:    1
 This function calls:
		Nothing
 This function is called by:
		_main
 This function uses a non-reentrant model


 *************** function _set_comandos *****************
 Defined at:
		line 173 in file "main.c"
 Parameters:    Size  Location     Type
  c               1    wreg     unsigned char 
 Auto vars:     Size  Location     Type
  c               1    0[COMRAM] unsigned char 
  d               1    1[COMRAM] unsigned char 
 Return value:  Size  Location     Type
                  1    wreg      unsigned char 
 Registers used:
		wreg, status,2, status,0
 Tracked objects:
		On entry : 
		On exit  : 
		Unchanged: 
 Data sizes:     COMRAM   BANK0   BANK1   BANK2   BANK3   BANK4   BANK5   BANK6   BANK7   BANK8   BANK9  BANK10  BANK11  BANK12  BANK13  BANK14  BANK15
      Params:         0       0       0       0       0       0       0       0       0       0       0       0       0       0       0       0       0
      Locals:         2       0       0       0       0       0       0       0       0       0       0       0       0       0       0       0       0
      Temps:          0       0       0       0       0       0       0       0       0       0       0       0       0       0       0       0       0
      Totals:         2       0       0       0       0       0       0       0       0       0       0       0       0       0       0       0       0
Total ram usage:        2 bytes
 Hardware stack levels used:    1
 This function calls:
		Nothing
 This function is called by:
		_main
 This function uses a non-reentrant model


 *************** function _read_d *****************
 Defined at:
		line 45 in file "m_uart.c"
 Parameters:    Size  Location     Type
		None
 Auto vars:     Size  Location     Type
		None
 Return value:  Size  Location     Type
                  2    0[COMRAM] int 
 Registers used:
		wreg, status,2
 Tracked objects:
		On entry : 
		On exit  : 
		Unchanged: 
 Data sizes:     COMRAM   BANK0   BANK1   BANK2   BANK3   BANK4   BANK5   BANK6   BANK7   BANK8   BANK9  BANK10  BANK11  BANK12  BANK13  BANK14  BANK15
      Params:         2       0       0       0       0       0       0       0       0       0       0       0       0       0       0       0       0
      Locals:         0       0       0       0       0       0       0       0       0       0       0       0       0       0       0       0       0
      Temps:          0       0       0       0       0       0       0       0       0       0       0       0       0       0       0       0       0
      Totals:         2       0       0       0       0       0       0       0       0       0       0       0       0       0       0       0       0
Total ram usage:        2 bytes
 Hardware stack levels used:    1
 This function calls:
		Nothing
 This function is called by:
		_main
 This function uses a non-reentrant model


 *************** function _pulsador_s2 *****************
 Defined at:
		line 118 in file "main.c"
 Parameters:    Size  Location     Type
		None
 Auto vars:     Size  Location     Type
  n               1    0[COMRAM] unsigned char 
 Return value:  Size  Location     Type
                  1    wreg      unsigned char 
 Registers used:
		wreg, status,2, status,0
 Tracked objects:
		On entry : 
		On exit  : 
		Unchanged: 
 Data sizes:     COMRAM   BANK0   BANK1   BANK2   BANK3   BANK4   BANK5   BANK6   BANK7   BANK8   BANK9  BANK10  BANK11  BANK12  BANK13  BANK14  BANK15
      Params:         0       0       0       0       0       0       0       0       0       0       0       0       0       0       0       0       0
      Locals:         1       0       0       0       0       0       0       0       0       0       0       0       0       0       0       0       0
      Temps:          0       0       0       0       0       0       0       0       0       0       0       0       0       0       0       0       0
      Totals:         1       0       0       0       0       0       0       0       0       0       0       0       0       0       0       0       0
Total ram usage:        1 bytes
 Hardware stack levels used:    1
 This function calls:
		Nothing
 This function is called by:
		_main
 This function uses a non-reentrant model


 *************** function _flag_timer_0 *****************
 Defined at:
		line 21 in file "timer.c"
 Parameters:    Size  Location     Type
		None
 Auto vars:     Size  Location     Type
		None
 Return value:  Size  Location     Type
                  2    2[COMRAM] int 
 Registers used:
		wreg, status,2, cstack
 Tracked objects:
		On entry : 
		On exit  : 
		Unchanged: 
 Data sizes:     COMRAM   BANK0   BANK1   BANK2   BANK3   BANK4   BANK5   BANK6   BANK7   BANK8   BANK9  BANK10  BANK11  BANK12  BANK13  BANK14  BANK15
      Params:         2       0       0       0       0       0       0       0       0       0       0       0       0       0       0       0       0
      Locals:         0       0       0       0       0       0       0       0       0       0       0       0       0       0       0       0       0
      Temps:          0       0       0       0       0       0       0       0       0       0       0       0       0       0       0       0       0
      Totals:         2       0       0       0       0       0       0       0       0       0       0       0       0       0       0       0       0
Total ram usage:        2 bytes
 Hardware stack levels used:    1
 Hardware stack levels required when called:    1
 This function calls:
		_timer_0_set
		_timer_0_star
 This function is called by:
		_main
 This function uses a non-reentrant model


 *************** function _timer_0_star *****************
 Defined at:
		line 17 in file "timer.c"
 Parameters:    Size  Location     Type
		None
 Auto vars:     Size  Location     Type
		None
 Return value:  Size  Location     Type
		None               void
 Registers used:
		None
 Tracked objects:
		On entry : 
		On exit  : 
		Unchanged: 
 Data sizes:     COMRAM   BANK0   BANK1   BANK2   BANK3   BANK4   BANK5   BANK6   BANK7   BANK8   BANK9  BANK10  BANK11  BANK12  BANK13  BANK14  BANK15
      Params:         0       0       0       0       0       0       0       0       0       0       0       0       0       0       0       0       0
      Locals:         0       0       0       0       0       0       0       0       0       0       0       0       0       0       0       0       0
      Temps:          0       0       0       0       0       0       0       0       0       0       0       0       0       0       0       0       0
      Totals:         0       0       0       0       0       0       0       0       0       0       0       0       0       0       0       0       0
Total ram usage:        0 bytes
 Hardware stack levels used:    1
 This function calls:
		Nothing
 This function is called by:
		_set_ph
		_flag_timer_0
 This function uses a non-reentrant model


 *************** function _timer_0_set *****************
 Defined at:
		line 12 in file "timer.c"
 Parameters:    Size  Location     Type
  low             1    wreg     unsigned char 
  high            1    0[COMRAM] unsigned char 
 Auto vars:     Size  Location     Type
  low             1    1[COMRAM] unsigned char 
 Return value:  Size  Location     Type
		None               void
 Registers used:
		wreg
 Tracked objects:
		On entry : 
		On exit  : 
		Unchanged: 
 Data sizes:     COMRAM   BANK0   BANK1   BANK2   BANK3   BANK4   BANK5   BANK6   BANK7   BANK8   BANK9  BANK10  BANK11  BANK12  BANK13  BANK14  BANK15
      Params:         1       0       0       0       0       0       0       0       0       0       0       0       0       0       0       0       0
      Locals:         1       0       0       0       0       0       0       0       0       0       0       0       0       0       0       0       0
      Temps:          0       0       0       0       0       0       0       0       0       0       0       0       0       0       0       0       0
      Totals:         2       0       0       0       0       0       0       0       0       0       0       0       0       0       0       0       0
Total ram usage:        2 bytes
 Hardware stack levels used:    1
 This function calls:
		Nothing
 This function is called by:
		_set_ph
		_flag_timer_0
 This function uses a non-reentrant model


 *************** function _final_convercion *****************
 Defined at:
		line 31 in file "adc.c"
 Parameters:    Size  Location     Type
		None
 Auto vars:     Size  Location     Type
		None
 Return value:  Size  Location     Type
                  1    wreg      unsigned char 
 Registers used:
		wreg
 Tracked objects:
		On entry : 
		On exit  : 
		Unchanged: 
 Data sizes:     COMRAM   BANK0   BANK1   BANK2   BANK3   BANK4   BANK5   BANK6   BANK7   BANK8   BANK9  BANK10  BANK11  BANK12  BANK13  BANK14  BANK15
      Params:         0       0       0       0       0       0       0       0       0       0       0       0       0       0       0       0       0
      Locals:         0       0       0       0       0       0       0       0       0       0       0       0       0       0       0       0       0
      Temps:          0       0       0       0       0       0       0       0       0       0       0       0       0       0       0       0       0
      Totals:         0       0       0       0       0       0       0       0       0       0       0       0       0       0       0       0       0
Total ram usage:        0 bytes
 Hardware stack levels used:    1
 This function calls:
		Nothing
 This function is called by:
		_main
 This function uses a non-reentrant model


 *************** function _dato_16 *****************
 Defined at:
		line 46 in file "adc.c"
 Parameters:    Size  Location     Type
		None
 Auto vars:     Size  Location     Type
  y               2    2[COMRAM] unsigned int 
 Return value:  Size  Location     Type
                  2    0[COMRAM] int 
 Registers used:
		wreg, status,2, status,0
 Tracked objects:
		On entry : 
		On exit  : 
		Unchanged: 
 Data sizes:     COMRAM   BANK0   BANK1   BANK2   BANK3   BANK4   BANK5   BANK6   BANK7   BANK8   BANK9  BANK10  BANK11  BANK12  BANK13  BANK14  BANK15
      Params:         2       0       0       0       0       0       0       0       0       0       0       0       0       0       0       0       0
      Locals:         2       0       0       0       0       0       0       0       0       0       0       0       0       0       0       0       0
      Temps:          0       0       0       0       0       0       0       0       0       0       0       0       0       0       0       0       0
      Totals:         4       0       0       0       0       0       0       0       0       0       0       0       0       0       0       0       0
Total ram usage:        4 bytes
 Hardware stack levels used:    1
 This function calls:
		Nothing
 This function is called by:
		_main
 This function uses a non-reentrant model



MODULE INFORMATION

Module		Function		Class		Link	Load	Size
timer.c
		_flag_timer_0  		CODE           	F60E	0000	41
		_timer_0_set   		CODE           	F506	0000	13
		_timer_0_conf  		CODE           	F556	0000	17
		_timer_0_star  		CODE           	F4FE	0000	5

timer.c estimated size: 76

hw.c
		_port          		CODE           	F594	0000	25
		_set_leds      		CODE           	F5AC	0000	29

hw.c estimated size: 54

adc.c
		_final_convercion		CODE           	F51E	0000	15
		_dato_16       		CODE           	F5C8	0000	35
		_star_convercion		CODE           	F502	0000	5
		_conf_adc      		CODE           	F5EA	0000	37
		_set_adc       		CODE           	F548	0000	15

adc.c estimated size: 107

shared
		__initialization		CODE           	F7C0	0000	77

shared estimated size: 77

m_uart.c
		_config_tx_aurt		CODE           	F57C	0000	25
		_activacion_rx 		CODE           	F52C	0000	15
		_activacion_tx 		CODE           	F53A	0000	15
		_trans_dato    		CODE           	F512	0000	13
		_read_d        		CODE           	F566	0000	23

m_uart.c estimated size: 91

main.c
		_rotar_izquierda		CODE           	F704	0000	61
		_set_periodo   		CODE           	F966	0000	175
		_rotar_derecha 		CODE           	F740	0000	63
		_main          		CODE           	FA14	0000	209
		_shit_raid     		CODE           	F870	0000	93
		_set_secuencia 		CODE           	F77E	0000	67
		_set_ph        		CODE           	F668	0000	51
		_pulsador_s2   		CODE           	F636	0000	51
		_vasculante    		CODE           	F6CE	0000	55
		_set_comandos  		CODE           	F816	0000	91
		_transmitir    		CODE           	FAE4	0000	541

main.c estimated size: 1457

