Microchip MPLAB XC8 Compiler V1.35 ()

Linker command line:

-W-3 --edf=/opt/microchip/xc8/v1.35/dat/en_msgs.txt -cs \
  -h+dist/default/production/proyecto_3.production.sym \
  --cmf=dist/default/production/proyecto_3.production.cmf -z -Q18F46K20 \
  -o/tmp/xcXkKAneB -Mdist/default/production/proyecto_3.production.map -E1 \
  -ver=XC8 -ASTACK=02F4h-0f5fh -pstack=STACK -ACODE=00h-0FFFFh \
  -ACONST=00h-0FFFFh -ASMALLCONST=01000h-010FFhx240 \
  -AMEDIUMCONST=01000h-0FFFFh -ACOMRAM=01h-05Fh -AABS1=00h-0F5Fh \
  -ABIGRAM=01h-0F5Fh -ARAM=060h-0FFh,0100h-01FFhx14,0F00h-0F5Fh \
  -ABANK0=060h-0FFh -ABANK1=0100h-01FFh -ABANK2=0200h-02FFh \
  -ABANK3=0300h-03FFh -ABANK4=0400h-04FFh -ABANK5=0500h-05FFh \
  -ABANK6=0600h-06FFh -ABANK7=0700h-07FFh -ABANK8=0800h-08FFh \
  -ABANK9=0900h-09FFh -ABANK10=0A00h-0AFFh -ABANK11=0B00h-0BFFh \
  -ABANK12=0C00h-0CFFh -ABANK13=0D00h-0DFFh -ABANK14=0E00h-0EFFh \
  -ABANK15=0F00h-0F5Fh -ASFR=0F60h-0FFFh \
  -preset_vec=00h,intcode,intcodelo,powerup,init,end_init -pramtop=01000h \
  -psmallconst=SMALLCONST -pmediumconst=MEDIUMCONST -pconst=CONST \
  -AFARRAM=00h-00h -ACONFIG=0300000h-030000Dh -pconfig=CONFIG \
  -AIDLOC=0200000h-0200007h -pidloc=IDLOC -AEEDATA=0F00000h-0F003FFh \
  -peeprom_data=EEDATA \
  -prdata=COMRAM,nvrram=COMRAM,nvbit=COMRAM,rbss=COMRAM,rbit=COMRAM \
  -pfarbss=FARRAM,fardata=FARRAM,nvFARRAM=FARRAM \
  -pintsave_regs=BIGRAM,bigbss=BIGRAM,bigdata=BIGRAM -pbss=RAM \
  -pidata=CODE,irdata=CODE,ibigdata=CODE,ifardata=CODE -prparam=COMRAM \
  /tmp/xcXIiREne.obj dist/default/production/proyecto_3.production.obj 

Object code version is 3.11

Machine type is 18F46K20

Call graph: (short form)




                Name                               Link     Load   Length Selector   Space Scale
/tmp/xcXIiREne.obj
                end_init                              0        0        4        0       0
                idloc                            200000   200000        8   200000       0
                config                           300000   300000        E   300000       0
dist/default/production/proyecto_3.production.obj
                text32                             EEB8     EEB8       22     775C       0
                text31                             F1D8     F1D8       AE     78EC       0
                text30                             F764     F764      1AC     7BB2       0
                text29                             F36C     F36C       F4     79B6       0
                text28                             EEDA     EEDA       24     776D       0
                text27                             F460     F460       F4     7A30       0
                text26                             EEFE     EEFE       24     777F       0
                text25                             EF6A     EF6A       26     77B5       0
                text24                             FB34     FB34      4CC     7D9A       0
                text23                             EE28     EE28        E     7714       0
                text22                             EE10     EE10        C     7708       0
                text21                             EE08     EE08        4     7704       0
                text20                             EF90     EF90       28     77C8       0
                text19                             EE1C     EE1C        C     770E       0
                text18                             EFEE     EFEE       3C     77F7       0
                text17                             EE36     EE36        E     771B       0
                text16                             EE44     EE44        E     7722       0
                text15                             EF22     EF22       24     7791       0
                text14                             EE84     EE84       18     7742       0
                text13                             EE52     EE52        E     7729       0
                text12                             EE9C     EE9C       1C     774E       0
                text11                             EE6E     EE6E       16     7737       0
                text10                             EE60     EE60        E     7730       0
                text9                              EFB8     EFB8       36     77DC       0
                text8                              EE0C     EE0C        4     7706       0
                text7                              F286     F286       E6     7943       0
                text6                              F02A     F02A       40     7815       0
                text5                              EF46     EF46       24     77A3       0
                text4                              F0AC     F0AC       52     7856       0
                text3                              F06A     F06A       42     7835       0
                text2                              F910     F910      224     7C88       0
                text1                              F554     F554       FA     7AAA       0
                text0                              F64E     F64E      116     7B27       0
                cstackCOMRAM                          1        1       4E        1       1
                bssBIGRAM                           1C8      1C8      12C      1C8       1
                bssBANK1                            100      100       C8      100       1
                dataBANK0                            60       60       59       60       1
                bssBANK0                             B9       B9       31       60       1
                dataCOMRAM                           5D       5D        3        1       1
                bssCOMRAM                            4F       4F        E        1       1
                cinit                              F158     F158       80     78AC       0
                idataBANK0                         F0FF     F0FF       59     F0FF       0
                idataCOMRAM                        EE05     EE05        3     EE05       0

TOTAL           Name                               Link     Load   Length     Space
        CLASS   STACK          

        CLASS   CODE           
                end_init                              0        0        4         0
                text32                             EEB8     EEB8       22         0
                text31                             F1D8     F1D8       AE         0
                text30                             F764     F764      1AC         0
                text29                             F36C     F36C       F4         0
                text28                             EEDA     EEDA       24         0
                text27                             F460     F460       F4         0
                text26                             EEFE     EEFE       24         0
                text25                             EF6A     EF6A       26         0
                text24                             FB34     FB34      4CC         0
                text23                             EE28     EE28        E         0
                text22                             EE10     EE10        C         0
                text21                             EE08     EE08        4         0
                text20                             EF90     EF90       28         0
                text19                             EE1C     EE1C        C         0
                text18                             EFEE     EFEE       3C         0
                text17                             EE36     EE36        E         0
                text16                             EE44     EE44        E         0
                text15                             EF22     EF22       24         0
                text14                             EE84     EE84       18         0
                text13                             EE52     EE52        E         0
                text12                             EE9C     EE9C       1C         0
                text11                             EE6E     EE6E       16         0
                text10                             EE60     EE60        E         0
                text9                              EFB8     EFB8       36         0
                text8                              EE0C     EE0C        4         0
                text7                              F286     F286       E6         0
                text6                              F02A     F02A       40         0
                text5                              EF46     EF46       24         0
                text4                              F0AC     F0AC       52         0
                text3                              F06A     F06A       42         0
                text2                              F910     F910      224         0
                text1                              F554     F554       FA         0
                text0                              F64E     F64E      116         0
                cinit                              F158     F158       80         0
                idataBANK0                         F0FF     F0FF       59         0
                idataCOMRAM                        EE05     EE05        3         0

        CLASS   CONST          

        CLASS   SMALLCONST     

        CLASS   MEDIUMCONST    

        CLASS   COMRAM         
                cstackCOMRAM                          1        1       4E         1
                dataCOMRAM                           5D       5D        3         1
                bssCOMRAM                            4F       4F        E         1

        CLASS   ABS1           

        CLASS   BIGRAM         
                bssBIGRAM                           1C8      1C8      12C         1

        CLASS   RAM            

        CLASS   BANK0          
                dataBANK0                            60       60       59         1
                bssBANK0                             B9       B9       31         1

        CLASS   BANK1          
                bssBANK1                            100      100       C8         1

        CLASS   BANK2          

        CLASS   BANK3          

        CLASS   BANK4          

        CLASS   BANK5          

        CLASS   BANK6          

        CLASS   BANK7          

        CLASS   BANK8          

        CLASS   BANK9          

        CLASS   BANK10         

        CLASS   BANK11         

        CLASS   BANK12         

        CLASS   BANK13         

        CLASS   BANK14         

        CLASS   BANK15         

        CLASS   SFR            

        CLASS   FARRAM         

        CLASS   CONFIG         
                config                           300000   300000        E         0

        CLASS   IDLOC          
                idloc                            200000   200000        8         0

        CLASS   EEDATA         



SEGMENTS        Name                           Load    Length   Top    Selector   Space  Class

                reset_vec                      000000  000004  000004         0       0  CODE    
                cstackCOMRAM                   000001  00005F  000060         1       1  COMRAM  
                dataBANK0                      000060  00008A  0000EA        60       1  BANK0   
                bssBANK1                       000100  0000C8  0001C8       100       1  BANK1   
                bssBIGRAM                      0001C8  00012C  0002F4       1C8       1  BIGRAM  
                idataCOMRAM                    00EE05  000003  00EE08      EE05       0  CODE    
                text21                         00EE08  000004  00EE0C      7704       0  CODE    
                text8                          00EE0C  000004  00EE10      7706       0  CODE    
                text22                         00EE10  00000C  00EE1C      7708       0  CODE    
                text19                         00EE1C  00000C  00EE28      770E       0  CODE    
                text23                         00EE28  00000E  00EE36      7714       0  CODE    
                text17                         00EE36  00000E  00EE44      771B       0  CODE    
                text16                         00EE44  00000E  00EE52      7722       0  CODE    
                text13                         00EE52  00000E  00EE60      7729       0  CODE    
                text10                         00EE60  00000E  00EE6E      7730       0  CODE    
                text11                         00EE6E  000016  00EE84      7737       0  CODE    
                text14                         00EE84  000018  00EE9C      7742       0  CODE    
                text12                         00EE9C  00001C  00EEB8      774E       0  CODE    
                text32                         00EEB8  000022  00EEDA      775C       0  CODE    
                text28                         00EEDA  000024  00EEFE      776D       0  CODE    
                text26                         00EEFE  000024  00EF22      777F       0  CODE    
                text15                         00EF22  000024  00EF46      7791       0  CODE    
                text5                          00EF46  000024  00EF6A      77A3       0  CODE    
                text25                         00EF6A  000026  00EF90      77B5       0  CODE    
                text20                         00EF90  000028  00EFB8      77C8       0  CODE    
                text9                          00EFB8  000036  00EFEE      77DC       0  CODE    
                text18                         00EFEE  00003C  00F02A      77F7       0  CODE    
                text6                          00F02A  000040  00F06A      7815       0  CODE    
                text3                          00F06A  000042  00F0AC      7835       0  CODE    
                text4                          00F0AC  000052  00F0FE      7856       0  CODE    
                idataBANK0                     00F0FF  000059  00F158      F0FF       0  CODE    
                cinit                          00F158  000080  00F1D8      78AC       0  CODE    
                text31                         00F1D8  0000AE  00F286      78EC       0  CODE    
                text7                          00F286  0000E6  00F36C      7943       0  CODE    
                text29                         00F36C  0000F4  00F460      79B6       0  CODE    
                text27                         00F460  0000F4  00F554      7A30       0  CODE    
                text1                          00F554  0000FA  00F64E      7AAA       0  CODE    
                text0                          00F64E  000116  00F764      7B27       0  CODE    
                text30                         00F764  0001AC  00F910      7BB2       0  CODE    
                text2                          00F910  000224  00FB34      7C88       0  CODE    
                text24                         00FB34  0004CC  010000      7D9A       0  CODE    
                idloc                          200000  000008  200008    200000       0  IDLOC   
                config                         300000  00000E  30000E    300000       0  CONFIG  


UNUSED ADDRESS RANGES

        Name                Unused          Largest block    Delta
        BANK0            0000EA-0000FF               16
        BANK10           000A00-000AFF              100
        BANK11           000B00-000BFF              100
        BANK12           000C00-000CFF              100
        BANK13           000D00-000DFF              100
        BANK14           000E00-000EFF              100
        BANK15           000F00-000F5F               60
        BANK2            0002F4-0002FF                C
        BANK3            000300-0003FF              100
        BANK4            000400-0004FF              100
        BANK5            000500-0005FF              100
        BANK6            000600-0006FF              100
        BANK7            000700-0007FF              100
        BANK8            000800-0008FF              100
        BANK9            000900-0009FF              100
        BIGRAM           0000EA-0000FF               16
                         0002F4-000F5F              C6C
        CODE             000004-00EE04             EE01
                         00F0FE-00F0FE                1
        CONST            000004-00EE04             EE01
                         00F0FE-00F0FE                1
        EEDATA           F00000-F003FF              400
        MEDIUMCONST      001000-00EE04             DE05
                         00F0FE-00F0FE                1
        RAM              0000EA-0000FF               16
                         0002F4-000F5F              100
        SFR              000F60-000FFF               A0
        SMALLCONST       001000-00EE04              100
                         00F0FE-00F0FE                1
        STACK            0002F4-000F5F              C6C

                                  Symbol Table

?___ftadd                  cstackCOMRAM 00001E
?___ftdiv                  cstackCOMRAM 000009
?___ftmul                  cstackCOMRAM 00000C
?___ftneg                  cstackCOMRAM 00001B
?___ftpack                 cstackCOMRAM 000001
?___ftsub                  cstackCOMRAM 00002A
?___fttol                  cstackCOMRAM 00000B
?___lbtoft                 cstackCOMRAM 000009
?___lwdiv                  cstackCOMRAM 000001
?___lwmod                  cstackCOMRAM 000001
?___lwtoft                 cstackCOMRAM 000009
?___wmul                   cstackCOMRAM 000005
?_dato_16                  cstackCOMRAM 000001
?_filtro                   cstackCOMRAM 00002A
?_flag_timer_1             cstackCOMRAM 000003
?_printFloat               cstackCOMRAM 000030
_ADCON0bits                (abs)        000FC2
_ADCON1                    (abs)        000FC1
_ADCON2bits                (abs)        000FC0
_ADRESH                    (abs)        000FC4
_ADRESL                    (abs)        000FC3
_ANSEL                     (abs)        000F7E
_ANSELbits                 (abs)        000F7E
_BAUDCONbits               (abs)        000FB8
_INTCONbits                (abs)        000FF2
_LATB                      (abs)        000F8A
_LATD                      (abs)        000F8C
_PIR1bits                  (abs)        000F9E
_PORTB                     (abs)        000F81
_PORTBbits                 (abs)        000F81
_PORTD                     (abs)        000F83
_PORTDbits                 (abs)        000F83
_RCREG                     (abs)        000FAE
_RCSTAbits                 (abs)        000FAB
_SPBRG                     (abs)        000FAF
_SPBRGH                    (abs)        000FB0
_SSPBUF                    (abs)        000FC9
_SSPCON1bits               (abs)        000FC6
_SSPSTATbits               (abs)        000FC7
_T0CONbits                 (abs)        000FD5
_T1CONbits                 (abs)        000FCD
_TMR0H                     (abs)        000FD7
_TMR0L                     (abs)        000FD6
_TMR1H                     (abs)        000FCF
_TMR1L                     (abs)        000FCE
_TRISA                     (abs)        000F92
_TRISAbits                 (abs)        000F92
_TRISB                     (abs)        000F93
_TRISC                     (abs)        000F94
_TRISCbits                 (abs)        000F94
_TRISD                     (abs)        000F95
_TXREG                     (abs)        000FAD
_TXSTAbits                 (abs)        000FAC
__CFG_BOREN$OFF            (abs)        000000
__CFG_BORV$18              (abs)        000000
__CFG_CCP2MX$PORTC         (abs)        000000
__CFG_CP0$OFF              (abs)        000000
__CFG_CP1$OFF              (abs)        000000
__CFG_CP2$OFF              (abs)        000000
__CFG_CP3$OFF              (abs)        000000
__CFG_CPB$OFF              (abs)        000000
__CFG_CPD$OFF              (abs)        000000
__CFG_EBTR0$OFF            (abs)        000000
__CFG_EBTR1$OFF            (abs)        000000
__CFG_EBTR2$OFF            (abs)        000000
__CFG_EBTR3$OFF            (abs)        000000
__CFG_EBTRB$OFF            (abs)        000000
__CFG_FCMEN$OFF            (abs)        000000
__CFG_FOSC$HSPLL           (abs)        000000
__CFG_HFOFST$OFF           (abs)        000000
__CFG_IESO$OFF             (abs)        000000
__CFG_LPT1OSC$OFF          (abs)        000000
__CFG_LVP$OFF              (abs)        000000
__CFG_MCLRE$ON             (abs)        000000
__CFG_PBADEN$OFF           (abs)        000000
__CFG_PWRT$ON              (abs)        000000
__CFG_STVREN$OFF           (abs)        000000
__CFG_WDTEN$OFF            (abs)        000000
__CFG_WDTPS$32768          (abs)        000000
__CFG_WRT0$OFF             (abs)        000000
__CFG_WRT1$OFF             (abs)        000000
__CFG_WRT2$OFF             (abs)        000000
__CFG_WRT3$OFF             (abs)        000000
__CFG_WRTB$OFF             (abs)        000000
__CFG_WRTC$OFF             (abs)        000000
__CFG_WRTD$OFF             (abs)        000000
__CFG_XINST$OFF            (abs)        000000
__HRAM                     (abs)        000000
__Habs1                    abs1         000000
__Hbank0                   bank0        000000
__Hbank1                   bank1        000000
__Hbank10                  bank10       000000
__Hbank11                  bank11       000000
__Hbank12                  bank12       000000
__Hbank13                  bank13       000000
__Hbank14                  bank14       000000
__Hbank15                  bank15       000000
__Hbank2                   bank2        000000
__Hbank3                   bank3        000000
__Hbank4                   bank4        000000
__Hbank5                   bank5        000000
__Hbank6                   bank6        000000
__Hbank7                   bank7        000000
__Hbank8                   bank8        000000
__Hbank9                   bank9        000000
__Hbigbss                  bigbss       000000
__Hbigdata                 bigdata      000000
__Hbigram                  bigram       000000
__Hbss                     bss          000000
__HbssBANK0                bssBANK0     000000
__HbssBANK1                bssBANK1     000000
__HbssBIGRAM               bssBIGRAM    000000
__HbssCOMRAM               bssCOMRAM    000000
__Hcinit                   cinit        000000
__Hclrtext                 clrtext      000000
__Hcomram                  comram       000000
__Hconfig                  config       30000E
__Hconst                   const        000000
__HcstackCOMRAM            cstackCOMRAM 000000
__Hdata                    data         000000
__HdataBANK0               dataBANK0    000000
__HdataCOMRAM              dataCOMRAM   000000
__Heeprom_data             eeprom_data  000000
__Hend_init                end_init     000004
__Hfarbss                  farbss       000000
__Hfardata                 fardata      000000
__Hibigdata                ibigdata     000000
__Hidata                   idata        000000
__HidataBANK0              idataBANK0   000000
__HidataCOMRAM             idataCOMRAM  000000
__Hidloc                   idloc        200008
__Hifardata                ifardata     000000
__Hinit                    init         000000
__Hintcode                 intcode      000000
__Hintcode_body            intcode_body 000000
__Hintcodelo               intcodelo    000000
__Hintentry                intentry     000000
__Hintret                  intret       000000
__Hintsave_regs            intsave_regs 000000
__Hirdata                  irdata       000000
__Hmediumconst             mediumconst  000000
__HnvFARRAM                nvFARRAM     000000
__Hnvbit                   nvbit        000000
__Hnvrram                  nvrram       000000
__Hparam                   rparam       000000
__Hpowerup                 powerup      000000
__Hram                     ram          000000
__Hramtop                  ramtop       001000
__Hrbit                    rbit         000000
__Hrbss                    rbss         000000
__Hrdata                   rdata        000000
__Hreset_vec               reset_vec    000000
__Hrparam                  rparam       000000
__Hsfr                     sfr          000000
__Hsmallconst              smallconst   000000
__Hspace_0                 (abs)        30000E
__Hspace_1                 (abs)        0002F4
__Hspace_2                 (abs)        000000
__Hstack                   stack        000000
__Hstruct                  struct       000000
__Htemp                    temp         000000
__Htext                    text         000000
__Htext0                   text0        000000
__Htext1                   text1        000000
__Htext10                  text10       000000
__Htext11                  text11       000000
__Htext12                  text12       000000
__Htext13                  text13       000000
__Htext14                  text14       000000
__Htext15                  text15       000000
__Htext16                  text16       000000
__Htext17                  text17       000000
__Htext18                  text18       000000
__Htext19                  text19       000000
__Htext2                   text2        000000
__Htext20                  text20       000000
__Htext21                  text21       000000
__Htext22                  text22       000000
__Htext23                  text23       000000
__Htext24                  text24       000000
__Htext25                  text25       000000
__Htext26                  text26       000000
__Htext27                  text27       000000
__Htext28                  text28       000000
__Htext29                  text29       000000
__Htext3                   text3        000000
__Htext30                  text30       000000
__Htext31                  text31       000000
__Htext32                  text32       000000
__Htext4                   text4        000000
__Htext5                   text5        000000
__Htext6                   text6        000000
__Htext7                   text7        000000
__Htext8                   text8        000000
__Htext9                   text9        000000
__LRAM                     (abs)        000001
__Labs1                    abs1         000000
__Lbank0                   bank0        000000
__Lbank1                   bank1        000000
__Lbank10                  bank10       000000
__Lbank11                  bank11       000000
__Lbank12                  bank12       000000
__Lbank13                  bank13       000000
__Lbank14                  bank14       000000
__Lbank15                  bank15       000000
__Lbank2                   bank2        000000
__Lbank3                   bank3        000000
__Lbank4                   bank4        000000
__Lbank5                   bank5        000000
__Lbank6                   bank6        000000
__Lbank7                   bank7        000000
__Lbank8                   bank8        000000
__Lbank9                   bank9        000000
__Lbigbss                  bigbss       000000
__Lbigdata                 bigdata      000000
__Lbigram                  bigram       000000
__Lbss                     bss          000000
__LbssBANK0                bssBANK0     000000
__LbssBANK1                bssBANK1     000000
__LbssBIGRAM               bssBIGRAM    000000
__LbssCOMRAM               bssCOMRAM    000000
__Lcinit                   cinit        000000
__Lclrtext                 clrtext      000000
__Lcomram                  comram       000000
__Lconfig                  config       300000
__Lconst                   const        000000
__LcstackCOMRAM            cstackCOMRAM 000000
__Ldata                    data         000000
__LdataBANK0               dataBANK0    000000
__LdataCOMRAM              dataCOMRAM   000000
__Leeprom_data             eeprom_data  000000
__Lend_init                end_init     000000
__Lfarbss                  farbss       000000
__Lfardata                 fardata      000000
__Libigdata                ibigdata     000000
__Lidata                   idata        000000
__LidataBANK0              idataBANK0   000000
__LidataCOMRAM             idataCOMRAM  000000
__Lidloc                   idloc        200000
__Lifardata                ifardata     000000
__Linit                    init         000000
__Lintcode                 intcode      000000
__Lintcode_body            intcode_body 000000
__Lintcodelo               intcodelo    000000
__Lintentry                intentry     000000
__Lintret                  intret       000000
__Lintsave_regs            intsave_regs 000000
__Lirdata                  irdata       000000
__Lmediumconst             mediumconst  000000
__LnvFARRAM                nvFARRAM     000000
__Lnvbit                   nvbit        000000
__Lnvrram                  nvrram       000000
__Lparam                   rparam       000000
__Lpowerup                 powerup      000000
__Lram                     ram          000000
__Lramtop                  ramtop       001000
__Lrbit                    rbit         000000
__Lrbss                    rbss         000000
__Lrdata                   rdata        000000
__Lreset_vec               reset_vec    000000
__Lrparam                  rparam       000000
__Lsfr                     sfr          000000
__Lsmallconst              smallconst   000000
__Lspace_0                 (abs)        000000
__Lspace_1                 (abs)        000000
__Lspace_2                 (abs)        000000
__Lstack                   stack        000000
__Lstruct                  struct       000000
__Ltemp                    temp         000000
__Ltext                    text         000000
__Ltext0                   text0        000000
__Ltext1                   text1        000000
__Ltext10                  text10       000000
__Ltext11                  text11       000000
__Ltext12                  text12       000000
__Ltext13                  text13       000000
__Ltext14                  text14       000000
__Ltext15                  text15       000000
__Ltext16                  text16       000000
__Ltext17                  text17       000000
__Ltext18                  text18       000000
__Ltext19                  text19       000000
__Ltext2                   text2        000000
__Ltext20                  text20       000000
__Ltext21                  text21       000000
__Ltext22                  text22       000000
__Ltext23                  text23       000000
__Ltext24                  text24       000000
__Ltext25                  text25       000000
__Ltext26                  text26       000000
__Ltext27                  text27       000000
__Ltext28                  text28       000000
__Ltext29                  text29       000000
__Ltext3                   text3        000000
__Ltext30                  text30       000000
__Ltext31                  text31       000000
__Ltext32                  text32       000000
__Ltext4                   text4        000000
__Ltext5                   text5        000000
__Ltext6                   text6        000000
__Ltext7                   text7        000000
__Ltext8                   text8        000000
__Ltext9                   text9        000000
__S0                       (abs)        30000E
__S1                       (abs)        0002F4
__S2                       (abs)        000000
___ftadd                   text30       00F764
___ftadd@exp1              cstackCOMRAM 000029
___ftadd@exp2              cstackCOMRAM 000028
___ftadd@f1                cstackCOMRAM 00001E
___ftadd@f2                cstackCOMRAM 000021
___ftadd@sign              cstackCOMRAM 000027
___ftdiv                   text7        00F286
___ftdiv@cntr              cstackCOMRAM 000012
___ftdiv@exp               cstackCOMRAM 000016
___ftdiv@f1                cstackCOMRAM 000009
___ftdiv@f2                cstackCOMRAM 00000C
___ftdiv@f3                cstackCOMRAM 000013
___ftdiv@sign              cstackCOMRAM 000017
___ftmul                   text29       00F36C
___ftmul@cntr              cstackCOMRAM 000019
___ftmul@exp               cstackCOMRAM 000015
___ftmul@f1                cstackCOMRAM 00000C
___ftmul@f2                cstackCOMRAM 00000F
___ftmul@f3_as_product     cstackCOMRAM 000016
___ftmul@sign              cstackCOMRAM 00001A
___ftneg                   text28       00EEDA
___ftneg@f1                cstackCOMRAM 00001B
___ftpack                  text31       00F1D8
___ftpack@arg              cstackCOMRAM 000001
___ftpack@exp              cstackCOMRAM 000004
___ftpack@sign             cstackCOMRAM 000005
___ftsub                   text6        00F02A
___ftsub@f1                cstackCOMRAM 00002A
___ftsub@f2                cstackCOMRAM 00002D
___fttol                   text27       00F460
___fttol@exp1              cstackCOMRAM 000019
___fttol@f1                cstackCOMRAM 00000B
___fttol@lval              cstackCOMRAM 000015
___fttol@sign1             cstackCOMRAM 000014
___inthi_sp                stack        000000
___intlo_sp                stack        000000
___lbtoft                  text5        00EF46
___lbtoft@c                cstackCOMRAM 00000C
___lwdiv                   text4        00F0AC
___lwdiv@counter           cstackCOMRAM 000007
___lwdiv@dividend          cstackCOMRAM 000001
___lwdiv@divisor           cstackCOMRAM 000003
___lwdiv@quotient          cstackCOMRAM 000005
___lwmod                   text3        00F06A
___lwmod@counter           cstackCOMRAM 000005
___lwmod@dividend          cstackCOMRAM 000001
___lwmod@divisor           cstackCOMRAM 000003
___lwtoft                  text26       00EEFE
___lwtoft@c                cstackCOMRAM 000009
___param_bank              (abs)        000010
___rparam_used             (abs)        000001
___sp                      stack        000000
___wmul                    text25       00EF6A
___wmul@multiplicand       cstackCOMRAM 000007
___wmul@multiplier         cstackCOMRAM 000005
___wmul@product            cstackCOMRAM 000009
__accesstop                (abs)        000060
__activetblptr             (abs)        000002
__end_of___ftadd           text30       00F910
__end_of___ftdiv           text7        00F36C
__end_of___ftmul           text29       00F460
__end_of___ftneg           text28       00EEFE
__end_of___ftpack          text31       00F286
__end_of___ftsub           text6        00F06A
__end_of___fttol           text27       00F554
__end_of___lbtoft          text5        00EF6A
__end_of___lwdiv           text4        00F0FE
__end_of___lwmod           text3        00F0AC
__end_of___lwtoft          text26       00EF22
__end_of___wmul            text25       00EF90
__end_of__initialization   cinit        00F1CE
__end_of_activacion_rx     text17       00EE44
__end_of_activacion_tx     text16       00EE52
__end_of_conf_adc          text15       00EF46
__end_of_config_tx_aurt    text14       00EE9C
__end_of_dato_16           text32       00EEDA
__end_of_filtro            text24       010000
__end_of_final_convercion  text23       00EE36
__end_of_flag_timer_1      text20       00EFB8
__end_of_main              text0        00F764
__end_of_printFloat        text2        00FB34
__end_of_send_msm          text18       00F02A
__end_of_set_adc           text13       00EE60
__end_of_set_leds          text12       00EEB8
__end_of_set_ph            text9        00EFEE
__end_of_set_spi           text11       00EE84
__end_of_star_convercion   text8        00EE10
__end_of_timer_1_conf      text10       00EE6E
__end_of_timer_1_set       text22       00EE1C
__end_of_timer_1_star      text21       00EE0C
__end_of_trans_dato        text19       00EE28
__end_of_transmitir        text1        00F64E
__initialization           cinit        00F158
__mediumconst              mediumconst  000000
__pbssBANK0                bssBANK0     0000B9
__pbssBANK1                bssBANK1     000100
__pbssBIGRAM               bssBIGRAM    0001C8
__pbssCOMRAM               bssCOMRAM    00004F
__pcinit                   cinit        00F158
__pcstackCOMRAM            cstackCOMRAM 000001
__pdataBANK0               dataBANK0    000060
__pdataCOMRAM              dataCOMRAM   00005D
__pidataBANK0              idataBANK0   00F0FF
__pidataCOMRAM             idataCOMRAM  00EE05
__ptext0                   text0        00F64E
__ptext1                   text1        00F554
__ptext10                  text10       00EE60
__ptext11                  text11       00EE6E
__ptext12                  text12       00EE9C
__ptext13                  text13       00EE52
__ptext14                  text14       00EE84
__ptext15                  text15       00EF22
__ptext16                  text16       00EE44
__ptext17                  text17       00EE36
__ptext18                  text18       00EFEE
__ptext19                  text19       00EE1C
__ptext2                   text2        00F910
__ptext20                  text20       00EF90
__ptext21                  text21       00EE08
__ptext22                  text22       00EE10
__ptext23                  text23       00EE28
__ptext24                  text24       00FB34
__ptext25                  text25       00EF6A
__ptext26                  text26       00EEFE
__ptext27                  text27       00F460
__ptext28                  text28       00EEDA
__ptext29                  text29       00F36C
__ptext3                   text3        00F06A
__ptext30                  text30       00F764
__ptext31                  text31       00F1D8
__ptext32                  text32       00EEB8
__ptext4                   text4        00F0AC
__ptext5                   text5        00EF46
__ptext6                   text6        00F02A
__ptext7                   text7        00F286
__ptext8                   text8        00EE0C
__ptext9                   text9        00EFB8
__ramtop                   ramtop       001000
__size_of___ftadd          (abs)        000000
__size_of___ftdiv          (abs)        000000
__size_of___ftmul          (abs)        000000
__size_of___ftneg          (abs)        000000
__size_of___ftpack         (abs)        000000
__size_of___ftsub          (abs)        000000
__size_of___fttol          (abs)        000000
__size_of___lbtoft         (abs)        000000
__size_of___lwdiv          (abs)        000000
__size_of___lwmod          (abs)        000000
__size_of___lwtoft         (abs)        000000
__size_of___wmul           (abs)        000000
__size_of_activacion_rx    (abs)        000000
__size_of_activacion_tx    (abs)        000000
__size_of_conf_adc         (abs)        000000
__size_of_config_tx_aurt   (abs)        000000
__size_of_dato_16          (abs)        000000
__size_of_filtro           (abs)        000000
__size_of_final_convercion (abs)        000000
__size_of_flag_timer_1     (abs)        000000
__size_of_main             (abs)        000000
__size_of_printFloat       (abs)        000000
__size_of_send_msm         (abs)        000000
__size_of_set_adc          (abs)        000000
__size_of_set_leds         (abs)        000000
__size_of_set_ph           (abs)        000000
__size_of_set_spi          (abs)        000000
__size_of_star_convercion  (abs)        000000
__size_of_timer_1_conf     (abs)        000000
__size_of_timer_1_set      (abs)        000000
__size_of_timer_1_star     (abs)        000000
__size_of_trans_dato       (abs)        000000
__size_of_transmitir       (abs)        000000
__smallconst               smallconst   000000
_a                         dataBANK0    00006D
_activacion_rx             text17       00EE36
_activacion_tx             text16       00EE44
_b                         dataBANK0    000079
_conf_adc                  text15       00EF22
_config_tx_aurt            text14       00EE84
_d                         bssCOMRAM    000057
_dato_16                   text32       00EEB8
_est                       bssCOMRAM    00004F
_filtro                    text24       00FB34
_filtro$1840               cstackCOMRAM 000030
_filtro$1841               cstackCOMRAM 000033
_final_convercion          text23       00EE28
_flag_timer_1              text20       00EF90
_flag_uart                 bssCOMRAM    000058
_in_t                      bssBANK0     0000BE
_in_v                      bssBANK0     0000C1
_jj                        bssCOMRAM    000059
_k                         bssCOMRAM    000051
_main                      text0        00F64E
_msm1                      dataBANK0    000085
_msm2                      dataBANK0    0000A6
_msm3                      dataBANK0    000060
_num                       bssBANK0     0000B9
_out_t                     bssBANK0     0000C4
_out_v                     bssBANK0     0000C7
_periodo                   dataCOMRAM   00005D
_pointer_in                bssCOMRAM    000053
_pointer_out               bssCOMRAM    000055
_printFloat                text2        00F910
_s1                        dataCOMRAM   00005E
_s2                        dataCOMRAM   00005F
_sec                       bssCOMRAM    00005A
_send_msm                  text18       00EFEE
_set_adc                   text13       00EE52
_set_leds                  text12       00EE9C
_set_ph                    text9        00EFB8
_set_spi                   text11       00EE6E
_ss                        bssCOMRAM    00005B
_star_convercion           text8        00EE0C
_timer_1_conf              text10       00EE60
_timer_1_set               text22       00EE10
_timer_1_star              text21       00EE08
_trans_dato                text19       00EE1C
_transmitir                text1        00F554
_u                         bssBANK1     000100
_x                         bssCOMRAM    00005C
_y                         bssBIGRAM    0001C8
activacion_rx@x            cstackCOMRAM 000001
activacion_tx@x            cstackCOMRAM 000001
dato_16@y                  cstackCOMRAM 000003
end_of_initialization      cinit        00F1CE
filtro@inn                 cstackCOMRAM 00002A
intlevel0                  text         000000
intlevel1                  text         000000
intlevel2                  text         000000
intlevel3                  text         000000
main@in                    cstackCOMRAM 00004D
main@out                   cstackCOMRAM 000049
main@time_TM               cstackCOMRAM 00004B
main@time_UART             cstackCOMRAM 00004C
printFloat@base            cstackCOMRAM 000034
printFloat@buf             bssBANK0     0000CA
printFloat@digits          cstackCOMRAM 000033
printFloat@i               cstackCOMRAM 000040
printFloat@int_part        cstackCOMRAM 00003E
printFloat@number          cstackCOMRAM 000030
printFloat@remainder       cstackCOMRAM 00003B
printFloat@rounding        cstackCOMRAM 000037
printFloat@toPrint         cstackCOMRAM 00003A
send_msm@a                 cstackCOMRAM 000005
send_msm@msm               cstackCOMRAM 000002
set_adc@x                  cstackCOMRAM 000001
stackhi                    (abs)        000F5F
stacklo                    (abs)        0002F4
start                      init         000000
start_initialization       cinit        00F158
timer_1_set@high           cstackCOMRAM 000001
timer_1_set@low            cstackCOMRAM 000002
trans_dato@x               cstackCOMRAM 000001


FUNCTION INFORMATION:

 *************** function _main *****************
 Defined at:
		line 127 in file "main.c"
 Parameters:    Size  Location     Type
  argc            2   67[COMRAM] int 
  argv            3   69[COMRAM] PTR PTR unsigned char 
 Auto vars:     Size  Location     Type
  in              2   76[COMRAM] unsigned int 
  out             2   72[COMRAM] unsigned int 
  time_UART       1   75[COMRAM] unsigned char 
  time_TM         1   74[COMRAM] unsigned char 
 Return value:  Size  Location     Type
                  2   67[COMRAM] int 
 Registers used:
		wreg, fsr1l, fsr1h, fsr2l, fsr2h, status,2, status,0, prodl, prodh, cstack
 Tracked objects:
		On entry : 
		On exit  : 
		Unchanged: 
 Data sizes:     COMRAM   BANK0   BANK1   BANK2   BANK3   BANK4   BANK5   BANK6   BANK7   BANK8   BANK9  BANK10  BANK11  BANK12  BANK13  BANK14  BANK15
      Params:         5       0       0       0       0       0       0       0       0       0       0       0       0       0       0       0       0
      Locals:         6       0       0       0       0       0       0       0       0       0       0       0       0       0       0       0       0
      Temps:          0       0       0       0       0       0       0       0       0       0       0       0       0       0       0       0       0
      Totals:        11       0       0       0       0       0       0       0       0       0       0       0       0       0       0       0       0
Total ram usage:       11 bytes
 Hardware stack levels required when called:    5
 This function calls:
		___ftmul
		___lwtoft
		___wmul
		_dato_16
		_filtro
		_final_convercion
		_flag_timer_1
		_send_msm
		_set_ph
		_star_convercion
		_transmitir
 This function is called by:
		Startup code after reset
 This function uses a non-reentrant model


 *************** function _transmitir *****************
 Defined at:
		line 167 in file "main.c"
 Parameters:    Size  Location     Type
		None
 Auto vars:     Size  Location     Type
		None
 Return value:  Size  Location     Type
		None               void
 Registers used:
		wreg, fsr2l, fsr2h, status,2, status,0, cstack
 Tracked objects:
		On entry : 
		On exit  : 
		Unchanged: 
 Data sizes:     COMRAM   BANK0   BANK1   BANK2   BANK3   BANK4   BANK5   BANK6   BANK7   BANK8   BANK9  BANK10  BANK11  BANK12  BANK13  BANK14  BANK15
      Params:         0       0       0       0       0       0       0       0       0       0       0       0       0       0       0       0       0
      Locals:         0       0       0       0       0       0       0       0       0       0       0       0       0       0       0       0       0
      Temps:          2       0       0       0       0       0       0       0       0       0       0       0       0       0       0       0       0
      Totals:         2       0       0       0       0       0       0       0       0       0       0       0       0       0       0       0       0
Total ram usage:        2 bytes
 Hardware stack levels used:    1
 Hardware stack levels required when called:    4
 This function calls:
		_printFloat
		_trans_dato
 This function is called by:
		_main
 This function uses a non-reentrant model


 *************** function _printFloat *****************
 Defined at:
		line 44 in file "main.c"
 Parameters:    Size  Location     Type
  number          3   47[COMRAM] float 
  digits          1   50[COMRAM] unsigned char 
  base            1   51[COMRAM] unsigned char 
 Auto vars:     Size  Location     Type
  remainder       3   58[COMRAM] float 
  rounding        3   54[COMRAM] float 
  i               2   63[COMRAM] unsigned int 
  int_part        2   61[COMRAM] unsigned int 
  toPrint         1   57[COMRAM] unsigned char 
 Return value:  Size  Location     Type
                  2   47[COMRAM] PTR unsigned char 
 Registers used:
		wreg, fsr2l, fsr2h, status,2, status,0, cstack
 Tracked objects:
		On entry : 
		On exit  : 
		Unchanged: 
 Data sizes:     COMRAM   BANK0   BANK1   BANK2   BANK3   BANK4   BANK5   BANK6   BANK7   BANK8   BANK9  BANK10  BANK11  BANK12  BANK13  BANK14  BANK15
      Params:         5       0       0       0       0       0       0       0       0       0       0       0       0       0       0       0       0
      Locals:        11       0       0       0       0       0       0       0       0       0       0       0       0       0       0       0       0
      Temps:          2       0       0       0       0       0       0       0       0       0       0       0       0       0       0       0       0
      Totals:        18       0       0       0       0       0       0       0       0       0       0       0       0       0       0       0       0
Total ram usage:       18 bytes
 Hardware stack levels used:    1
 Hardware stack levels required when called:    3
 This function calls:
		___ftadd
		___ftdiv
		___ftmul
		___ftneg
		___ftsub
		___fttol
		___lbtoft
		___lwdiv
		___lwmod
		___lwtoft
 This function is called by:
		_transmitir
 This function uses a non-reentrant model


 *************** function ___lwmod *****************
 Defined at:
		line 8 in file "/opt/microchip/xc8/v1.35/sources/common/lwmod.c"
 Parameters:    Size  Location     Type
  dividend        2    0[COMRAM] unsigned int 
  divisor         2    2[COMRAM] unsigned int 
 Auto vars:     Size  Location     Type
  counter         1    4[COMRAM] unsigned char 
 Return value:  Size  Location     Type
                  2    0[COMRAM] unsigned int 
 Registers used:
		wreg, status,2, status,0
 Tracked objects:
		On entry : 
		On exit  : 
		Unchanged: 
 Data sizes:     COMRAM   BANK0   BANK1   BANK2   BANK3   BANK4   BANK5   BANK6   BANK7   BANK8   BANK9  BANK10  BANK11  BANK12  BANK13  BANK14  BANK15
      Params:         4       0       0       0       0       0       0       0       0       0       0       0       0       0       0       0       0
      Locals:         1       0       0       0       0       0       0       0       0       0       0       0       0       0       0       0       0
      Temps:          0       0       0       0       0       0       0       0       0       0       0       0       0       0       0       0       0
      Totals:         5       0       0       0       0       0       0       0       0       0       0       0       0       0       0       0       0
Total ram usage:        5 bytes
 Hardware stack levels used:    1
 This function calls:
		Nothing
 This function is called by:
		_printFloat
 This function uses a non-reentrant model


 *************** function ___lwdiv *****************
 Defined at:
		line 8 in file "/opt/microchip/xc8/v1.35/sources/common/lwdiv.c"
 Parameters:    Size  Location     Type
  dividend        2    0[COMRAM] unsigned int 
  divisor         2    2[COMRAM] unsigned int 
 Auto vars:     Size  Location     Type
  quotient        2    4[COMRAM] unsigned int 
  counter         1    6[COMRAM] unsigned char 
 Return value:  Size  Location     Type
                  2    0[COMRAM] unsigned int 
 Registers used:
		wreg, status,2, status,0
 Tracked objects:
		On entry : 
		On exit  : 
		Unchanged: 
 Data sizes:     COMRAM   BANK0   BANK1   BANK2   BANK3   BANK4   BANK5   BANK6   BANK7   BANK8   BANK9  BANK10  BANK11  BANK12  BANK13  BANK14  BANK15
      Params:         4       0       0       0       0       0       0       0       0       0       0       0       0       0       0       0       0
      Locals:         3       0       0       0       0       0       0       0       0       0       0       0       0       0       0       0       0
      Temps:          0       0       0       0       0       0       0       0       0       0       0       0       0       0       0       0       0
      Totals:         7       0       0       0       0       0       0       0       0       0       0       0       0       0       0       0       0
Total ram usage:        7 bytes
 Hardware stack levels used:    1
 This function calls:
		Nothing
 This function is called by:
		_printFloat
 This function uses a non-reentrant model


 *************** function ___lbtoft *****************
 Defined at:
		line 27 in file "/opt/microchip/xc8/v1.35/sources/common/lbtoft.c"
 Parameters:    Size  Location     Type
  c               1    wreg     unsigned char 
 Auto vars:     Size  Location     Type
  c               1   11[COMRAM] unsigned char 
 Return value:  Size  Location     Type
                  3    8[COMRAM] float 
 Registers used:
		wreg, status,2, status,0, cstack
 Tracked objects:
		On entry : 
		On exit  : 
		Unchanged: 
 Data sizes:     COMRAM   BANK0   BANK1   BANK2   BANK3   BANK4   BANK5   BANK6   BANK7   BANK8   BANK9  BANK10  BANK11  BANK12  BANK13  BANK14  BANK15
      Params:         3       0       0       0       0       0       0       0       0       0       0       0       0       0       0       0       0
      Locals:         1       0       0       0       0       0       0       0       0       0       0       0       0       0       0       0       0
      Temps:          0       0       0       0       0       0       0       0       0       0       0       0       0       0       0       0       0
      Totals:         4       0       0       0       0       0       0       0       0       0       0       0       0       0       0       0       0
Total ram usage:        4 bytes
 Hardware stack levels used:    1
 Hardware stack levels required when called:    1
 This function calls:
		___ftpack
 This function is called by:
		_printFloat
 This function uses a non-reentrant model


 *************** function ___ftsub *****************
 Defined at:
		line 20 in file "/opt/microchip/xc8/v1.35/sources/common/ftsub.c"
 Parameters:    Size  Location     Type
  f1              3   41[COMRAM] float 
  f2              3   44[COMRAM] float 
 Auto vars:     Size  Location     Type
		None
 Return value:  Size  Location     Type
                  3   41[COMRAM] float 
 Registers used:
		wreg, status,2, status,0, cstack
 Tracked objects:
		On entry : 
		On exit  : 
		Unchanged: 
 Data sizes:     COMRAM   BANK0   BANK1   BANK2   BANK3   BANK4   BANK5   BANK6   BANK7   BANK8   BANK9  BANK10  BANK11  BANK12  BANK13  BANK14  BANK15
      Params:         6       0       0       0       0       0       0       0       0       0       0       0       0       0       0       0       0
      Locals:         0       0       0       0       0       0       0       0       0       0       0       0       0       0       0       0       0
      Temps:          0       0       0       0       0       0       0       0       0       0       0       0       0       0       0       0       0
      Totals:         6       0       0       0       0       0       0       0       0       0       0       0       0       0       0       0       0
Total ram usage:        6 bytes
 Hardware stack levels used:    1
 Hardware stack levels required when called:    2
 This function calls:
		___ftadd
 This function is called by:
		_printFloat
 This function uses a non-reentrant model


 *************** function ___ftdiv *****************
 Defined at:
		line 54 in file "/opt/microchip/xc8/v1.35/sources/common/ftdiv.c"
 Parameters:    Size  Location     Type
  f1              3    8[COMRAM] float 
  f2              3   11[COMRAM] float 
 Auto vars:     Size  Location     Type
  f3              3   18[COMRAM] float 
  sign            1   22[COMRAM] unsigned char 
  exp             1   21[COMRAM] unsigned char 
  cntr            1   17[COMRAM] unsigned char 
 Return value:  Size  Location     Type
                  3    8[COMRAM] float 
 Registers used:
		wreg, status,2, status,0, cstack
 Tracked objects:
		On entry : 
		On exit  : 
		Unchanged: 
 Data sizes:     COMRAM   BANK0   BANK1   BANK2   BANK3   BANK4   BANK5   BANK6   BANK7   BANK8   BANK9  BANK10  BANK11  BANK12  BANK13  BANK14  BANK15
      Params:         6       0       0       0       0       0       0       0       0       0       0       0       0       0       0       0       0
      Locals:         6       0       0       0       0       0       0       0       0       0       0       0       0       0       0       0       0
      Temps:          3       0       0       0       0       0       0       0       0       0       0       0       0       0       0       0       0
      Totals:        15       0       0       0       0       0       0       0       0       0       0       0       0       0       0       0       0
Total ram usage:       15 bytes
 Hardware stack levels used:    1
 Hardware stack levels required when called:    1
 This function calls:
		___ftpack
 This function is called by:
		_printFloat
 This function uses a non-reentrant model


 *************** function _star_convercion *****************
 Defined at:
		line 30 in file "adc.c"
 Parameters:    Size  Location     Type
		None
 Auto vars:     Size  Location     Type
		None
 Return value:  Size  Location     Type
		None               void
 Registers used:
		None
 Tracked objects:
		On entry : 
		On exit  : 
		Unchanged: 
 Data sizes:     COMRAM   BANK0   BANK1   BANK2   BANK3   BANK4   BANK5   BANK6   BANK7   BANK8   BANK9  BANK10  BANK11  BANK12  BANK13  BANK14  BANK15
      Params:         0       0       0       0       0       0       0       0       0       0       0       0       0       0       0       0       0
      Locals:         0       0       0       0       0       0       0       0       0       0       0       0       0       0       0       0       0
      Temps:          0       0       0       0       0       0       0       0       0       0       0       0       0       0       0       0       0
      Totals:         0       0       0       0       0       0       0       0       0       0       0       0       0       0       0       0       0
Total ram usage:        0 bytes
 Hardware stack levels used:    1
 This function calls:
		Nothing
 This function is called by:
		_main
 This function uses a non-reentrant model


 *************** function _set_ph *****************
 Defined at:
		line 113 in file "main.c"
 Parameters:    Size  Location     Type
		None
 Auto vars:     Size  Location     Type
		None
 Return value:  Size  Location     Type
		None               void
 Registers used:
		wreg, status,2, cstack
 Tracked objects:
		On entry : 
		On exit  : 
		Unchanged: 
 Data sizes:     COMRAM   BANK0   BANK1   BANK2   BANK3   BANK4   BANK5   BANK6   BANK7   BANK8   BANK9  BANK10  BANK11  BANK12  BANK13  BANK14  BANK15
      Params:         0       0       0       0       0       0       0       0       0       0       0       0       0       0       0       0       0
      Locals:         0       0       0       0       0       0       0       0       0       0       0       0       0       0       0       0       0
      Temps:          0       0       0       0       0       0       0       0       0       0       0       0       0       0       0       0       0
      Totals:         0       0       0       0       0       0       0       0       0       0       0       0       0       0       0       0       0
Total ram usage:        0 bytes
 Hardware stack levels used:    1
 Hardware stack levels required when called:    1
 This function calls:
		_activacion_rx
		_activacion_tx
		_conf_adc
		_config_tx_aurt
		_set_adc
		_set_leds
		_set_spi
		_timer_1_conf
		_timer_1_set
		_timer_1_star
 This function is called by:
		_main
 This function uses a non-reentrant model


 *************** function _timer_1_conf *****************
 Defined at:
		line 3 in file "timer.c"
 Parameters:    Size  Location     Type
		None
 Auto vars:     Size  Location     Type
		None
 Return value:  Size  Location     Type
		None               void
 Registers used:
		wreg, status,2
 Tracked objects:
		On entry : 
		On exit  : 
		Unchanged: 
 Data sizes:     COMRAM   BANK0   BANK1   BANK2   BANK3   BANK4   BANK5   BANK6   BANK7   BANK8   BANK9  BANK10  BANK11  BANK12  BANK13  BANK14  BANK15
      Params:         0       0       0       0       0       0       0       0       0       0       0       0       0       0       0       0       0
      Locals:         0       0       0       0       0       0       0       0       0       0       0       0       0       0       0       0       0
      Temps:          0       0       0       0       0       0       0       0       0       0       0       0       0       0       0       0       0
      Totals:         0       0       0       0       0       0       0       0       0       0       0       0       0       0       0       0       0
Total ram usage:        0 bytes
 Hardware stack levels used:    1
 This function calls:
		Nothing
 This function is called by:
		_set_ph
 This function uses a non-reentrant model


 *************** function _set_spi *****************
 Defined at:
		line 13 in file "SPI.c"
 Parameters:    Size  Location     Type
		None
 Auto vars:     Size  Location     Type
		None
 Return value:  Size  Location     Type
		None               void
 Registers used:
		wreg, status,2
 Tracked objects:
		On entry : 
		On exit  : 
		Unchanged: 
 Data sizes:     COMRAM   BANK0   BANK1   BANK2   BANK3   BANK4   BANK5   BANK6   BANK7   BANK8   BANK9  BANK10  BANK11  BANK12  BANK13  BANK14  BANK15
      Params:         0       0       0       0       0       0       0       0       0       0       0       0       0       0       0       0       0
      Locals:         0       0       0       0       0       0       0       0       0       0       0       0       0       0       0       0       0
      Temps:          0       0       0       0       0       0       0       0       0       0       0       0       0       0       0       0       0
      Totals:         0       0       0       0       0       0       0       0       0       0       0       0       0       0       0       0       0
Total ram usage:        0 bytes
 Hardware stack levels used:    1
 This function calls:
		Nothing
 This function is called by:
		_set_ph
 This function uses a non-reentrant model


 *************** function _set_leds *****************
 Defined at:
		line 4 in file "hw.c"
 Parameters:    Size  Location     Type
		None
 Auto vars:     Size  Location     Type
		None
 Return value:  Size  Location     Type
		None               void
 Registers used:
		wreg, status,2
 Tracked objects:
		On entry : 
		On exit  : 
		Unchanged: 
 Data sizes:     COMRAM   BANK0   BANK1   BANK2   BANK3   BANK4   BANK5   BANK6   BANK7   BANK8   BANK9  BANK10  BANK11  BANK12  BANK13  BANK14  BANK15
      Params:         0       0       0       0       0       0       0       0       0       0       0       0       0       0       0       0       0
      Locals:         0       0       0       0       0       0       0       0       0       0       0       0       0       0       0       0       0
      Temps:          0       0       0       0       0       0       0       0       0       0       0       0       0       0       0       0       0
      Totals:         0       0       0       0       0       0       0       0       0       0       0       0       0       0       0       0       0
Total ram usage:        0 bytes
 Hardware stack levels used:    1
 This function calls:
		Nothing
 This function is called by:
		_set_ph
 This function uses a non-reentrant model


 *************** function _set_adc *****************
 Defined at:
		line 26 in file "adc.c"
 Parameters:    Size  Location     Type
  x               1    wreg     unsigned char 
 Auto vars:     Size  Location     Type
  x               1    0[COMRAM] unsigned char 
 Return value:  Size  Location     Type
		None               void
 Registers used:
		wreg
 Tracked objects:
		On entry : 
		On exit  : 
		Unchanged: 
 Data sizes:     COMRAM   BANK0   BANK1   BANK2   BANK3   BANK4   BANK5   BANK6   BANK7   BANK8   BANK9  BANK10  BANK11  BANK12  BANK13  BANK14  BANK15
      Params:         0       0       0       0       0       0       0       0       0       0       0       0       0       0       0       0       0
      Locals:         1       0       0       0       0       0       0       0       0       0       0       0       0       0       0       0       0
      Temps:          0       0       0       0       0       0       0       0       0       0       0       0       0       0       0       0       0
      Totals:         1       0       0       0       0       0       0       0       0       0       0       0       0       0       0       0       0
Total ram usage:        1 bytes
 Hardware stack levels used:    1
 This function calls:
		Nothing
 This function is called by:
		_set_ph
 This function uses a non-reentrant model


 *************** function _config_tx_aurt *****************
 Defined at:
		line 3 in file "m_uart.c"
 Parameters:    Size  Location     Type
		None
 Auto vars:     Size  Location     Type
		None
 Return value:  Size  Location     Type
		None               void
 Registers used:
		wreg, status,2
 Tracked objects:
		On entry : 
		On exit  : 
		Unchanged: 
 Data sizes:     COMRAM   BANK0   BANK1   BANK2   BANK3   BANK4   BANK5   BANK6   BANK7   BANK8   BANK9  BANK10  BANK11  BANK12  BANK13  BANK14  BANK15
      Params:         0       0       0       0       0       0       0       0       0       0       0       0       0       0       0       0       0
      Locals:         0       0       0       0       0       0       0       0       0       0       0       0       0       0       0       0       0
      Temps:          0       0       0       0       0       0       0       0       0       0       0       0       0       0       0       0       0
      Totals:         0       0       0       0       0       0       0       0       0       0       0       0       0       0       0       0       0
Total ram usage:        0 bytes
 Hardware stack levels used:    1
 This function calls:
		Nothing
 This function is called by:
		_set_ph
 This function uses a non-reentrant model


 *************** function _conf_adc *****************
 Defined at:
		line 12 in file "adc.c"
 Parameters:    Size  Location     Type
		None
 Auto vars:     Size  Location     Type
		None
 Return value:  Size  Location     Type
		None               void
 Registers used:
		wreg, status,2
 Tracked objects:
		On entry : 
		On exit  : 
		Unchanged: 
 Data sizes:     COMRAM   BANK0   BANK1   BANK2   BANK3   BANK4   BANK5   BANK6   BANK7   BANK8   BANK9  BANK10  BANK11  BANK12  BANK13  BANK14  BANK15
      Params:         0       0       0       0       0       0       0       0       0       0       0       0       0       0       0       0       0
      Locals:         0       0       0       0       0       0       0       0       0       0       0       0       0       0       0       0       0
      Temps:          0       0       0       0       0       0       0       0       0       0       0       0       0       0       0       0       0
      Totals:         0       0       0       0       0       0       0       0       0       0       0       0       0       0       0       0       0
Total ram usage:        0 bytes
 Hardware stack levels used:    1
 This function calls:
		Nothing
 This function is called by:
		_set_ph
 This function uses a non-reentrant model


 *************** function _activacion_tx *****************
 Defined at:
		line 20 in file "m_uart.c"
 Parameters:    Size  Location     Type
  x               1    wreg     unsigned char 
 Auto vars:     Size  Location     Type
  x               1    0[COMRAM] unsigned char 
 Return value:  Size  Location     Type
		None               void
 Registers used:
		wreg
 Tracked objects:
		On entry : 
		On exit  : 
		Unchanged: 
 Data sizes:     COMRAM   BANK0   BANK1   BANK2   BANK3   BANK4   BANK5   BANK6   BANK7   BANK8   BANK9  BANK10  BANK11  BANK12  BANK13  BANK14  BANK15
      Params:         0       0       0       0       0       0       0       0       0       0       0       0       0       0       0       0       0
      Locals:         1       0       0       0       0       0       0       0       0       0       0       0       0       0       0       0       0
      Temps:          0       0       0       0       0       0       0       0       0       0       0       0       0       0       0       0       0
      Totals:         1       0       0       0       0       0       0       0       0       0       0       0       0       0       0       0       0
Total ram usage:        1 bytes
 Hardware stack levels used:    1
 This function calls:
		Nothing
 This function is called by:
		_set_ph
 This function uses a non-reentrant model


 *************** function _activacion_rx *****************
 Defined at:
		line 24 in file "m_uart.c"
 Parameters:    Size  Location     Type
  x               1    wreg     unsigned char 
 Auto vars:     Size  Location     Type
  x               1    0[COMRAM] unsigned char 
 Return value:  Size  Location     Type
		None               void
 Registers used:
		wreg
 Tracked objects:
		On entry : 
		On exit  : 
		Unchanged: 
 Data sizes:     COMRAM   BANK0   BANK1   BANK2   BANK3   BANK4   BANK5   BANK6   BANK7   BANK8   BANK9  BANK10  BANK11  BANK12  BANK13  BANK14  BANK15
      Params:         0       0       0       0       0       0       0       0       0       0       0       0       0       0       0       0       0
      Locals:         1       0       0       0       0       0       0       0       0       0       0       0       0       0       0       0       0
      Temps:          0       0       0       0       0       0       0       0       0       0       0       0       0       0       0       0       0
      Totals:         1       0       0       0       0       0       0       0       0       0       0       0       0       0       0       0       0
Total ram usage:        1 bytes
 Hardware stack levels used:    1
 This function calls:
		Nothing
 This function is called by:
		_set_ph
 This function uses a non-reentrant model


 *************** function _send_msm *****************
 Defined at:
		line 54 in file "m_uart.c"
 Parameters:    Size  Location     Type
  msm             2    1[COMRAM] PTR unsigned char 
		 -> msm2(19), msm1(33), 
 Auto vars:     Size  Location     Type
  a               1    4[COMRAM] unsigned char 
 Return value:  Size  Location     Type
		None               void
 Registers used:
		wreg, fsr2l, fsr2h, status,2, status,0, prodl, prodh, cstack
 Tracked objects:
		On entry : 
		On exit  : 
		Unchanged: 
 Data sizes:     COMRAM   BANK0   BANK1   BANK2   BANK3   BANK4   BANK5   BANK6   BANK7   BANK8   BANK9  BANK10  BANK11  BANK12  BANK13  BANK14  BANK15
      Params:         2       0       0       0       0       0       0       0       0       0       0       0       0       0       0       0       0
      Locals:         1       0       0       0       0       0       0       0       0       0       0       0       0       0       0       0       0
      Temps:          1       0       0       0       0       0       0       0       0       0       0       0       0       0       0       0       0
      Totals:         4       0       0       0       0       0       0       0       0       0       0       0       0       0       0       0       0
Total ram usage:        4 bytes
 Hardware stack levels used:    1
 Hardware stack levels required when called:    1
 This function calls:
		_trans_dato
 This function is called by:
		_main
 This function uses a non-reentrant model


 *************** function _trans_dato *****************
 Defined at:
		line 35 in file "m_uart.c"
 Parameters:    Size  Location     Type
  x               1    wreg     unsigned char 
 Auto vars:     Size  Location     Type
  x               1    0[COMRAM] unsigned char 
 Return value:  Size  Location     Type
		None               void
 Registers used:
		wreg
 Tracked objects:
		On entry : 
		On exit  : 
		Unchanged: 
 Data sizes:     COMRAM   BANK0   BANK1   BANK2   BANK3   BANK4   BANK5   BANK6   BANK7   BANK8   BANK9  BANK10  BANK11  BANK12  BANK13  BANK14  BANK15
      Params:         0       0       0       0       0       0       0       0       0       0       0       0       0       0       0       0       0
      Locals:         1       0       0       0       0       0       0       0       0       0       0       0       0       0       0       0       0
      Temps:          0       0       0       0       0       0       0       0       0       0       0       0       0       0       0       0       0
      Totals:         1       0       0       0       0       0       0       0       0       0       0       0       0       0       0       0       0
Total ram usage:        1 bytes
 Hardware stack levels used:    1
 This function calls:
		Nothing
 This function is called by:
		_transmitir
		_send_msm
		_uart_print
 This function uses a non-reentrant model


 *************** function _flag_timer_1 *****************
 Defined at:
		line 20 in file "timer.c"
 Parameters:    Size  Location     Type
		None
 Auto vars:     Size  Location     Type
		None
 Return value:  Size  Location     Type
                  2    2[COMRAM] int 
 Registers used:
		wreg, status,2, cstack
 Tracked objects:
		On entry : 
		On exit  : 
		Unchanged: 
 Data sizes:     COMRAM   BANK0   BANK1   BANK2   BANK3   BANK4   BANK5   BANK6   BANK7   BANK8   BANK9  BANK10  BANK11  BANK12  BANK13  BANK14  BANK15
      Params:         2       0       0       0       0       0       0       0       0       0       0       0       0       0       0       0       0
      Locals:         0       0       0       0       0       0       0       0       0       0       0       0       0       0       0       0       0
      Temps:          0       0       0       0       0       0       0       0       0       0       0       0       0       0       0       0       0
      Totals:         2       0       0       0       0       0       0       0       0       0       0       0       0       0       0       0       0
Total ram usage:        2 bytes
 Hardware stack levels used:    1
 Hardware stack levels required when called:    1
 This function calls:
		_timer_1_set
		_timer_1_star
 This function is called by:
		_main
 This function uses a non-reentrant model


 *************** function _timer_1_star *****************
 Defined at:
		line 16 in file "timer.c"
 Parameters:    Size  Location     Type
		None
 Auto vars:     Size  Location     Type
		None
 Return value:  Size  Location     Type
		None               void
 Registers used:
		None
 Tracked objects:
		On entry : 
		On exit  : 
		Unchanged: 
 Data sizes:     COMRAM   BANK0   BANK1   BANK2   BANK3   BANK4   BANK5   BANK6   BANK7   BANK8   BANK9  BANK10  BANK11  BANK12  BANK13  BANK14  BANK15
      Params:         0       0       0       0       0       0       0       0       0       0       0       0       0       0       0       0       0
      Locals:         0       0       0       0       0       0       0       0       0       0       0       0       0       0       0       0       0
      Temps:          0       0       0       0       0       0       0       0       0       0       0       0       0       0       0       0       0
      Totals:         0       0       0       0       0       0       0       0       0       0       0       0       0       0       0       0       0
Total ram usage:        0 bytes
 Hardware stack levels used:    1
 This function calls:
		Nothing
 This function is called by:
		_set_ph
		_flag_timer_1
 This function uses a non-reentrant model


 *************** function _timer_1_set *****************
 Defined at:
		line 12 in file "timer.c"
 Parameters:    Size  Location     Type
  low             1    wreg     unsigned char 
  high            1    0[COMRAM] unsigned char 
 Auto vars:     Size  Location     Type
  low             1    1[COMRAM] unsigned char 
 Return value:  Size  Location     Type
		None               void
 Registers used:
		wreg
 Tracked objects:
		On entry : 
		On exit  : 
		Unchanged: 
 Data sizes:     COMRAM   BANK0   BANK1   BANK2   BANK3   BANK4   BANK5   BANK6   BANK7   BANK8   BANK9  BANK10  BANK11  BANK12  BANK13  BANK14  BANK15
      Params:         1       0       0       0       0       0       0       0       0       0       0       0       0       0       0       0       0
      Locals:         1       0       0       0       0       0       0       0       0       0       0       0       0       0       0       0       0
      Temps:          0       0       0       0       0       0       0       0       0       0       0       0       0       0       0       0       0
      Totals:         2       0       0       0       0       0       0       0       0       0       0       0       0       0       0       0       0
Total ram usage:        2 bytes
 Hardware stack levels used:    1
 This function calls:
		Nothing
 This function is called by:
		_set_ph
		_flag_timer_1
 This function uses a non-reentrant model


 *************** function _final_convercion *****************
 Defined at:
		line 34 in file "adc.c"
 Parameters:    Size  Location     Type
		None
 Auto vars:     Size  Location     Type
		None
 Return value:  Size  Location     Type
                  1    wreg      unsigned char 
 Registers used:
		wreg
 Tracked objects:
		On entry : 
		On exit  : 
		Unchanged: 
 Data sizes:     COMRAM   BANK0   BANK1   BANK2   BANK3   BANK4   BANK5   BANK6   BANK7   BANK8   BANK9  BANK10  BANK11  BANK12  BANK13  BANK14  BANK15
      Params:         0       0       0       0       0       0       0       0       0       0       0       0       0       0       0       0       0
      Locals:         0       0       0       0       0       0       0       0       0       0       0       0       0       0       0       0       0
      Temps:          0       0       0       0       0       0       0       0       0       0       0       0       0       0       0       0       0
      Totals:         0       0       0       0       0       0       0       0       0       0       0       0       0       0       0       0       0
Total ram usage:        0 bytes
 Hardware stack levels used:    1
 This function calls:
		Nothing
 This function is called by:
		_main
 This function uses a non-reentrant model


 *************** function _filtro *****************
 Defined at:
		line 11 in file "filtro.c"
 Parameters:    Size  Location     Type
  inn             2   41[COMRAM] unsigned int 
 Auto vars:     Size  Location     Type
		None
 Return value:  Size  Location     Type
                  2   41[COMRAM] unsigned int 
 Registers used:
		wreg, fsr1l, fsr1h, fsr2l, fsr2h, status,2, status,0, prodl, prodh, cstack
 Tracked objects:
		On entry : 
		On exit  : 
		Unchanged: 
 Data sizes:     COMRAM   BANK0   BANK1   BANK2   BANK3   BANK4   BANK5   BANK6   BANK7   BANK8   BANK9  BANK10  BANK11  BANK12  BANK13  BANK14  BANK15
      Params:         2       0       0       0       0       0       0       0       0       0       0       0       0       0       0       0       0
      Locals:         6       0       0       0       0       0       0       0       0       0       0       0       0       0       0       0       0
      Temps:          4       0       0       0       0       0       0       0       0       0       0       0       0       0       0       0       0
      Totals:        12       0       0       0       0       0       0       0       0       0       0       0       0       0       0       0       0
Total ram usage:       12 bytes
 Hardware stack levels used:    1
 Hardware stack levels required when called:    2
 This function calls:
		___ftadd
		___ftmul
		___ftneg
		___fttol
		___lwtoft
		___wmul
 This function is called by:
		_main
 This function uses a non-reentrant model


 *************** function ___wmul *****************
 Defined at:
		line 15 in file "/opt/microchip/xc8/v1.35/sources/common/Umul16.c"
 Parameters:    Size  Location     Type
  multiplier      2    4[COMRAM] unsigned int 
  multiplicand    2    6[COMRAM] unsigned int 
 Auto vars:     Size  Location     Type
  product         2    8[COMRAM] unsigned int 
 Return value:  Size  Location     Type
                  2    4[COMRAM] unsigned int 
 Registers used:
		wreg, status,2, status,0, prodl, prodh
 Tracked objects:
		On entry : 
		On exit  : 
		Unchanged: 
 Data sizes:     COMRAM   BANK0   BANK1   BANK2   BANK3   BANK4   BANK5   BANK6   BANK7   BANK8   BANK9  BANK10  BANK11  BANK12  BANK13  BANK14  BANK15
      Params:         4       0       0       0       0       0       0       0       0       0       0       0       0       0       0       0       0
      Locals:         2       0       0       0       0       0       0       0       0       0       0       0       0       0       0       0       0
      Temps:          0       0       0       0       0       0       0       0       0       0       0       0       0       0       0       0       0
      Totals:         6       0       0       0       0       0       0       0       0       0       0       0       0       0       0       0       0
Total ram usage:        6 bytes
 Hardware stack levels used:    1
 This function calls:
		Nothing
 This function is called by:
		_main
		_filtro
 This function uses a non-reentrant model


 *************** function ___lwtoft *****************
 Defined at:
		line 28 in file "/opt/microchip/xc8/v1.35/sources/common/lwtoft.c"
 Parameters:    Size  Location     Type
  c               2    8[COMRAM] unsigned int 
 Auto vars:     Size  Location     Type
		None
 Return value:  Size  Location     Type
                  3    8[COMRAM] float 
 Registers used:
		wreg, status,2, status,0, cstack
 Tracked objects:
		On entry : 
		On exit  : 
		Unchanged: 
 Data sizes:     COMRAM   BANK0   BANK1   BANK2   BANK3   BANK4   BANK5   BANK6   BANK7   BANK8   BANK9  BANK10  BANK11  BANK12  BANK13  BANK14  BANK15
      Params:         3       0       0       0       0       0       0       0       0       0       0       0       0       0       0       0       0
      Locals:         0       0       0       0       0       0       0       0       0       0       0       0       0       0       0       0       0
      Temps:          0       0       0       0       0       0       0       0       0       0       0       0       0       0       0       0       0
      Totals:         3       0       0       0       0       0       0       0       0       0       0       0       0       0       0       0       0
Total ram usage:        3 bytes
 Hardware stack levels used:    1
 Hardware stack levels required when called:    1
 This function calls:
		___ftpack
 This function is called by:
		_printFloat
		_main
		_filtro
 This function uses a non-reentrant model


 *************** function ___fttol *****************
 Defined at:
		line 44 in file "/opt/microchip/xc8/v1.35/sources/common/fttol.c"
 Parameters:    Size  Location     Type
  f1              3   10[COMRAM] float 
 Auto vars:     Size  Location     Type
  lval            4   20[COMRAM] unsigned long 
  exp1            1   24[COMRAM] unsigned char 
  sign1           1   19[COMRAM] unsigned char 
 Return value:  Size  Location     Type
                  4   10[COMRAM] long 
 Registers used:
		wreg, status,2, status,0
 Tracked objects:
		On entry : 
		On exit  : 
		Unchanged: 
 Data sizes:     COMRAM   BANK0   BANK1   BANK2   BANK3   BANK4   BANK5   BANK6   BANK7   BANK8   BANK9  BANK10  BANK11  BANK12  BANK13  BANK14  BANK15
      Params:         4       0       0       0       0       0       0       0       0       0       0       0       0       0       0       0       0
      Locals:         6       0       0       0       0       0       0       0       0       0       0       0       0       0       0       0       0
      Temps:          5       0       0       0       0       0       0       0       0       0       0       0       0       0       0       0       0
      Totals:        15       0       0       0       0       0       0       0       0       0       0       0       0       0       0       0       0
Total ram usage:       15 bytes
 Hardware stack levels used:    1
 This function calls:
		Nothing
 This function is called by:
		_printFloat
		_filtro
 This function uses a non-reentrant model


 *************** function ___ftneg *****************
 Defined at:
		line 15 in file "/opt/microchip/xc8/v1.35/sources/common/ftneg.c"
 Parameters:    Size  Location     Type
  f1              3   26[COMRAM] float 
 Auto vars:     Size  Location     Type
		None
 Return value:  Size  Location     Type
                  3   26[COMRAM] float 
 Registers used:
		wreg, status,2, status,0
 Tracked objects:
		On entry : 
		On exit  : 
		Unchanged: 
 Data sizes:     COMRAM   BANK0   BANK1   BANK2   BANK3   BANK4   BANK5   BANK6   BANK7   BANK8   BANK9  BANK10  BANK11  BANK12  BANK13  BANK14  BANK15
      Params:         3       0       0       0       0       0       0       0       0       0       0       0       0       0       0       0       0
      Locals:         0       0       0       0       0       0       0       0       0       0       0       0       0       0       0       0       0
      Temps:          0       0       0       0       0       0       0       0       0       0       0       0       0       0       0       0       0
      Totals:         3       0       0       0       0       0       0       0       0       0       0       0       0       0       0       0       0
Total ram usage:        3 bytes
 Hardware stack levels used:    1
 This function calls:
		Nothing
 This function is called by:
		_printFloat
		_filtro
 This function uses a non-reentrant model


 *************** function ___ftmul *****************
 Defined at:
		line 62 in file "/opt/microchip/xc8/v1.35/sources/common/ftmul.c"
 Parameters:    Size  Location     Type
  f1              3   11[COMRAM] float 
  f2              3   14[COMRAM] float 
 Auto vars:     Size  Location     Type
  f3_as_produc    3   21[COMRAM] unsigned um
  sign            1   25[COMRAM] unsigned char 
  cntr            1   24[COMRAM] unsigned char 
  exp             1   20[COMRAM] unsigned char 
 Return value:  Size  Location     Type
                  3   11[COMRAM] float 
 Registers used:
		wreg, status,2, status,0, cstack
 Tracked objects:
		On entry : 
		On exit  : 
		Unchanged: 
 Data sizes:     COMRAM   BANK0   BANK1   BANK2   BANK3   BANK4   BANK5   BANK6   BANK7   BANK8   BANK9  BANK10  BANK11  BANK12  BANK13  BANK14  BANK15
      Params:         6       0       0       0       0       0       0       0       0       0       0       0       0       0       0       0       0
      Locals:         6       0       0       0       0       0       0       0       0       0       0       0       0       0       0       0       0
      Temps:          3       0       0       0       0       0       0       0       0       0       0       0       0       0       0       0       0
      Totals:        15       0       0       0       0       0       0       0       0       0       0       0       0       0       0       0       0
Total ram usage:       15 bytes
 Hardware stack levels used:    1
 Hardware stack levels required when called:    1
 This function calls:
		___ftpack
 This function is called by:
		_printFloat
		_main
		_filtro
 This function uses a non-reentrant model


 *************** function ___ftadd *****************
 Defined at:
		line 86 in file "/opt/microchip/xc8/v1.35/sources/common/ftadd.c"
 Parameters:    Size  Location     Type
  f1              3   29[COMRAM] float 
  f2              3   32[COMRAM] float 
 Auto vars:     Size  Location     Type
  exp1            1   40[COMRAM] unsigned char 
  exp2            1   39[COMRAM] unsigned char 
  sign            1   38[COMRAM] unsigned char 
 Return value:  Size  Location     Type
                  3   29[COMRAM] float 
 Registers used:
		wreg, status,2, status,0, cstack
 Tracked objects:
		On entry : 
		On exit  : 
		Unchanged: 
 Data sizes:     COMRAM   BANK0   BANK1   BANK2   BANK3   BANK4   BANK5   BANK6   BANK7   BANK8   BANK9  BANK10  BANK11  BANK12  BANK13  BANK14  BANK15
      Params:         6       0       0       0       0       0       0       0       0       0       0       0       0       0       0       0       0
      Locals:         3       0       0       0       0       0       0       0       0       0       0       0       0       0       0       0       0
      Temps:          3       0       0       0       0       0       0       0       0       0       0       0       0       0       0       0       0
      Totals:        12       0       0       0       0       0       0       0       0       0       0       0       0       0       0       0       0
Total ram usage:       12 bytes
 Hardware stack levels used:    1
 Hardware stack levels required when called:    1
 This function calls:
		___ftpack
 This function is called by:
		_printFloat
		_filtro
		___ftsub
 This function uses a non-reentrant model


 *************** function ___ftpack *****************
 Defined at:
		line 62 in file "/opt/microchip/xc8/v1.35/sources/common/float.c"
 Parameters:    Size  Location     Type
  arg             3    0[COMRAM] unsigned um
  exp             1    3[COMRAM] unsigned char 
  sign            1    4[COMRAM] unsigned char 
 Auto vars:     Size  Location     Type
		None
 Return value:  Size  Location     Type
                  3    0[COMRAM] float 
 Registers used:
		wreg, status,2, status,0
 Tracked objects:
		On entry : 
		On exit  : 
		Unchanged: 
 Data sizes:     COMRAM   BANK0   BANK1   BANK2   BANK3   BANK4   BANK5   BANK6   BANK7   BANK8   BANK9  BANK10  BANK11  BANK12  BANK13  BANK14  BANK15
      Params:         5       0       0       0       0       0       0       0       0       0       0       0       0       0       0       0       0
      Locals:         0       0       0       0       0       0       0       0       0       0       0       0       0       0       0       0       0
      Temps:          3       0       0       0       0       0       0       0       0       0       0       0       0       0       0       0       0
      Totals:         8       0       0       0       0       0       0       0       0       0       0       0       0       0       0       0       0
Total ram usage:        8 bytes
 Hardware stack levels used:    1
 This function calls:
		Nothing
 This function is called by:
		___ftadd
		___ftdiv
		___ftmul
		___lbtoft
		___lwtoft
 This function uses a non-reentrant model


 *************** function _dato_16 *****************
 Defined at:
		line 49 in file "adc.c"
 Parameters:    Size  Location     Type
		None
 Auto vars:     Size  Location     Type
  y               2    2[COMRAM] unsigned int 
 Return value:  Size  Location     Type
                  2    0[COMRAM] int 
 Registers used:
		wreg, status,2, status,0
 Tracked objects:
		On entry : 
		On exit  : 
		Unchanged: 
 Data sizes:     COMRAM   BANK0   BANK1   BANK2   BANK3   BANK4   BANK5   BANK6   BANK7   BANK8   BANK9  BANK10  BANK11  BANK12  BANK13  BANK14  BANK15
      Params:         2       0       0       0       0       0       0       0       0       0       0       0       0       0       0       0       0
      Locals:         2       0       0       0       0       0       0       0       0       0       0       0       0       0       0       0       0
      Temps:          0       0       0       0       0       0       0       0       0       0       0       0       0       0       0       0       0
      Totals:         4       0       0       0       0       0       0       0       0       0       0       0       0       0       0       0       0
Total ram usage:        4 bytes
 Hardware stack levels used:    1
 This function calls:
		Nothing
 This function is called by:
		_main
 This function uses a non-reentrant model



MODULE INFORMATION

Module		Function		Class		Link	Load	Size
/opt/microchip/xc8/v1.35/sources/common/lwtoft.c
		___lwtoft      		CODE           	EEFE	0000	37

/opt/microchip/xc8/v1.35/sources/common/lwtoft.c estimated size: 37

/opt/microchip/xc8/v1.35/sources/common/fttol.c
		___fttol       		CODE           	F460	0000	245

/opt/microchip/xc8/v1.35/sources/common/fttol.c estimated size: 245

/opt/microchip/xc8/v1.35/sources/common/ftadd.c
		___ftadd       		CODE           	F764	0000	429

/opt/microchip/xc8/v1.35/sources/common/ftadd.c estimated size: 429

timer.c
		_timer_1_conf  		CODE           	EE60	0000	15
		_timer_1_star  		CODE           	EE08	0000	5
		_flag_timer_1  		CODE           	EF90	0000	41
		_timer_1_set   		CODE           	EE10	0000	13

timer.c estimated size: 74

/opt/microchip/xc8/v1.35/sources/common/Umul16.c
		___wmul        		CODE           	EF6A	0000	39

/opt/microchip/xc8/v1.35/sources/common/Umul16.c estimated size: 39

/opt/microchip/xc8/v1.35/sources/common/ftneg.c
		___ftneg       		CODE           	EEDA	0000	37

/opt/microchip/xc8/v1.35/sources/common/ftneg.c estimated size: 37

/opt/microchip/xc8/v1.35/sources/common/ftsub.c
		___ftsub       		CODE           	F02A	0000	65

/opt/microchip/xc8/v1.35/sources/common/ftsub.c estimated size: 65

/opt/microchip/xc8/v1.35/sources/common/float.c
		___ftpack      		CODE           	F1D8	0000	175

/opt/microchip/xc8/v1.35/sources/common/float.c estimated size: 175

hw.c
		_set_leds      		CODE           	EE9C	0000	29

hw.c estimated size: 29

adc.c
		_final_convercion		CODE           	EE28	0000	15
		_dato_16       		CODE           	EEB8	0000	35
		_star_convercion		CODE           	EE0C	0000	5
		_conf_adc      		CODE           	EF22	0000	37
		_set_adc       		CODE           	EE52	0000	15

adc.c estimated size: 107

/opt/microchip/xc8/v1.35/sources/common/lwmod.c
		___lwmod       		CODE           	F06A	0000	67

/opt/microchip/xc8/v1.35/sources/common/lwmod.c estimated size: 67

filtro.c
		_filtro        		CODE           	FB34	0000	1229

filtro.c estimated size: 1229

shared
		__initialization		CODE           	F158	0000	119

shared estimated size: 119

/opt/microchip/xc8/v1.35/sources/common/ftmul.c
		___ftmul       		CODE           	F36C	0000	245

/opt/microchip/xc8/v1.35/sources/common/ftmul.c estimated size: 245

m_uart.c
		_config_tx_aurt		CODE           	EE84	0000	25
		_activacion_rx 		CODE           	EE36	0000	15
		_activacion_tx 		CODE           	EE44	0000	15
		_trans_dato    		CODE           	EE1C	0000	13
		_send_msm      		CODE           	EFEE	0000	61

m_uart.c estimated size: 129

/opt/microchip/xc8/v1.35/sources/common/ftdiv.c
		___ftdiv       		CODE           	F286	0000	231

/opt/microchip/xc8/v1.35/sources/common/ftdiv.c estimated size: 231

SPI.c
		_set_spi       		CODE           	EE6E	0000	23

SPI.c estimated size: 23

/opt/microchip/xc8/v1.35/sources/common/lbtoft.c
		___lbtoft      		CODE           	EF46	0000	37

/opt/microchip/xc8/v1.35/sources/common/lbtoft.c estimated size: 37

/opt/microchip/xc8/v1.35/sources/common/lwdiv.c
		___lwdiv       		CODE           	F0AC	0000	83

/opt/microchip/xc8/v1.35/sources/common/lwdiv.c estimated size: 83

main.c
		_printFloat    		CODE           	F910	0000	549
		_main          		CODE           	F64E	0000	279
		_set_ph        		CODE           	EFB8	0000	55
		_transmitir    		CODE           	F554	0000	251

main.c estimated size: 1134

